Archive member included to satisfy reference by file (symbol)

C:/ST/STM32CubeIDE_1.12.0/STM32CubeIDE/plugins/com.st.stm32cube.ide.mcu.externaltools.gnu-tools-for-stm32.11.3.rel1.win32_1.1.0.202305231506/tools/bin/../lib/gcc/arm-none-eabi/11.3.1/../../../../arm-none-eabi/lib/thumb/v7e-m+dp/hard\libc_nano.a(libc_a-atoi.o)
                              ./Core/Src/main.o (atoi)
C:/ST/STM32CubeIDE_1.12.0/STM32CubeIDE/plugins/com.st.stm32cube.ide.mcu.externaltools.gnu-tools-for-stm32.11.3.rel1.win32_1.1.0.202305231506/tools/bin/../lib/gcc/arm-none-eabi/11.3.1/../../../../arm-none-eabi/lib/thumb/v7e-m+dp/hard\libc_nano.a(libc_a-exit.o)
                              C:/ST/STM32CubeIDE_1.12.0/STM32CubeIDE/plugins/com.st.stm32cube.ide.mcu.externaltools.gnu-tools-for-stm32.11.3.rel1.win32_1.1.0.202305231506/tools/bin/../lib/gcc/arm-none-eabi/11.3.1/../../../../arm-none-eabi/lib/thumb/v7e-m+dp/hard/crt0.o (exit)
C:/ST/STM32CubeIDE_1.12.0/STM32CubeIDE/plugins/com.st.stm32cube.ide.mcu.externaltools.gnu-tools-for-stm32.11.3.rel1.win32_1.1.0.202305231506/tools/bin/../lib/gcc/arm-none-eabi/11.3.1/../../../../arm-none-eabi/lib/thumb/v7e-m+dp/hard\libc_nano.a(libc_a-strtol.o)
                              C:/ST/STM32CubeIDE_1.12.0/STM32CubeIDE/plugins/com.st.stm32cube.ide.mcu.externaltools.gnu-tools-for-stm32.11.3.rel1.win32_1.1.0.202305231506/tools/bin/../lib/gcc/arm-none-eabi/11.3.1/../../../../arm-none-eabi/lib/thumb/v7e-m+dp/hard\libc_nano.a(libc_a-atoi.o) (_strtol_r)
C:/ST/STM32CubeIDE_1.12.0/STM32CubeIDE/plugins/com.st.stm32cube.ide.mcu.externaltools.gnu-tools-for-stm32.11.3.rel1.win32_1.1.0.202305231506/tools/bin/../lib/gcc/arm-none-eabi/11.3.1/../../../../arm-none-eabi/lib/thumb/v7e-m+dp/hard\libc_nano.a(libc_a-ctype_.o)
                              C:/ST/STM32CubeIDE_1.12.0/STM32CubeIDE/plugins/com.st.stm32cube.ide.mcu.externaltools.gnu-tools-for-stm32.11.3.rel1.win32_1.1.0.202305231506/tools/bin/../lib/gcc/arm-none-eabi/11.3.1/../../../../arm-none-eabi/lib/thumb/v7e-m+dp/hard\libc_nano.a(libc_a-strtol.o) (_ctype_)
C:/ST/STM32CubeIDE_1.12.0/STM32CubeIDE/plugins/com.st.stm32cube.ide.mcu.externaltools.gnu-tools-for-stm32.11.3.rel1.win32_1.1.0.202305231506/tools/bin/../lib/gcc/arm-none-eabi/11.3.1/../../../../arm-none-eabi/lib/thumb/v7e-m+dp/hard\libc_nano.a(libc_a-nano-vfprintf_float.o)
                              (_printf_float)
C:/ST/STM32CubeIDE_1.12.0/STM32CubeIDE/plugins/com.st.stm32cube.ide.mcu.externaltools.gnu-tools-for-stm32.11.3.rel1.win32_1.1.0.202305231506/tools/bin/../lib/gcc/arm-none-eabi/11.3.1/../../../../arm-none-eabi/lib/thumb/v7e-m+dp/hard\libc_nano.a(libc_a-nano-vfprintf_i.o)
                              C:/ST/STM32CubeIDE_1.12.0/STM32CubeIDE/plugins/com.st.stm32cube.ide.mcu.externaltools.gnu-tools-for-stm32.11.3.rel1.win32_1.1.0.202305231506/tools/bin/../lib/gcc/arm-none-eabi/11.3.1/../../../../arm-none-eabi/lib/thumb/v7e-m+dp/hard\libc_nano.a(libc_a-nano-vfprintf_float.o) (_printf_common)
C:/ST/STM32CubeIDE_1.12.0/STM32CubeIDE/plugins/com.st.stm32cube.ide.mcu.externaltools.gnu-tools-for-stm32.11.3.rel1.win32_1.1.0.202305231506/tools/bin/../lib/gcc/arm-none-eabi/11.3.1/../../../../arm-none-eabi/lib/thumb/v7e-m+dp/hard\libc_nano.a(libc_a-findfp.o)
                              C:/ST/STM32CubeIDE_1.12.0/STM32CubeIDE/plugins/com.st.stm32cube.ide.mcu.externaltools.gnu-tools-for-stm32.11.3.rel1.win32_1.1.0.202305231506/tools/bin/../lib/gcc/arm-none-eabi/11.3.1/../../../../arm-none-eabi/lib/thumb/v7e-m+dp/hard\libc_nano.a(libc_a-exit.o) (__stdio_exit_handler)
C:/ST/STM32CubeIDE_1.12.0/STM32CubeIDE/plugins/com.st.stm32cube.ide.mcu.externaltools.gnu-tools-for-stm32.11.3.rel1.win32_1.1.0.202305231506/tools/bin/../lib/gcc/arm-none-eabi/11.3.1/../../../../arm-none-eabi/lib/thumb/v7e-m+dp/hard\libc_nano.a(libc_a-fwalk.o)
                              C:/ST/STM32CubeIDE_1.12.0/STM32CubeIDE/plugins/com.st.stm32cube.ide.mcu.externaltools.gnu-tools-for-stm32.11.3.rel1.win32_1.1.0.202305231506/tools/bin/../lib/gcc/arm-none-eabi/11.3.1/../../../../arm-none-eabi/lib/thumb/v7e-m+dp/hard\libc_nano.a(libc_a-findfp.o) (_fwalk_sglue)
C:/ST/STM32CubeIDE_1.12.0/STM32CubeIDE/plugins/com.st.stm32cube.ide.mcu.externaltools.gnu-tools-for-stm32.11.3.rel1.win32_1.1.0.202305231506/tools/bin/../lib/gcc/arm-none-eabi/11.3.1/../../../../arm-none-eabi/lib/thumb/v7e-m+dp/hard\libc_nano.a(libc_a-sprintf.o)
                              ./Core/Src/cdc_message.o (sprintf)
C:/ST/STM32CubeIDE_1.12.0/STM32CubeIDE/plugins/com.st.stm32cube.ide.mcu.externaltools.gnu-tools-for-stm32.11.3.rel1.win32_1.1.0.202305231506/tools/bin/../lib/gcc/arm-none-eabi/11.3.1/../../../../arm-none-eabi/lib/thumb/v7e-m+dp/hard\libc_nano.a(libc_a-stdio.o)
                              C:/ST/STM32CubeIDE_1.12.0/STM32CubeIDE/plugins/com.st.stm32cube.ide.mcu.externaltools.gnu-tools-for-stm32.11.3.rel1.win32_1.1.0.202305231506/tools/bin/../lib/gcc/arm-none-eabi/11.3.1/../../../../arm-none-eabi/lib/thumb/v7e-m+dp/hard\libc_nano.a(libc_a-findfp.o) (__sread)
[...]
Memory Configuration

Name             Origin             Length             Attributes
RAM_D1           0x0000000024000000 0x0000000000080000 xrw
FLASH            0x0000000008000000 0x0000000000100000 xr
DTCMRAM          0x0000000020000000 0x0000000000020000 xrw
RAM_D2           0x0000000030000000 0x0000000000048000 xrw
RAM_D3           0x0000000038000000 0x0000000000010000 xrw
ITCMRAM          0x0000000000000000 0x0000000000010000 xrw
*default*        0x0000000000000000 0xffffffffffffffff

Linker script and memory map

LOAD C:/ST/STM32CubeIDE_1.12.0/STM32CubeIDE/plugins/com.st.stm32cube.ide.mcu.externaltools.gnu-tools-for-stm32.11.3.rel1.win32_1.1.0.202305231506/tools/bin/../lib/gcc/arm-none-eabi/11.3.1/thumb/v7e-m+dp/hard/crti.o
LOAD C:/ST/STM32CubeIDE_1.12.0/STM32CubeIDE/plugins/com.st.stm32cube.ide.mcu.externaltools.gnu-tools-for-stm32.11.3.rel1.win32_1.1.0.202305231506/tools/bin/../lib/gcc/arm-none-eabi/11.3.1/thumb/v7e-m+dp/hard/crtbegin.o
LOAD C:/ST/STM32CubeIDE_1.12.0/STM32CubeIDE/plugins/com.st.stm32cube.ide.mcu.externaltools.gnu-tools-for-stm32.11.3.rel1.win32_1.1.0.202305231506/tools/bin/../lib/gcc/arm-none-eabi/11.3.1/../../../../arm-none-eabi/lib/thumb/v7e-m+dp/hard/crt0.o
LOAD ./Common/Src/system_stm32h7xx_dualcore_boot_cm4_cm7.o
LOAD ./Core/Src/arm.o
LOAD ./Core/Src/cdc_message.o
LOAD ./Core/Src/joint.o
LOAD ./Core/Src/main.o
LOAD ./Core/Src/path_command.o
LOAD ./Core/Src/stm32h7xx_hal_msp.o
LOAD ./Core/Src/stm32h7xx_it.o
LOAD ./Core/Src/syscalls.o
LOAD ./Core/Src/sysmem.o
LOAD ./Core/Startup/startup_stm32h745zitx.o
LOAD ./Drivers/STM32H7xx_HAL_Driver/stm32h7xx_hal.o
LOAD ./Drivers/STM32H7xx_HAL_Driver/stm32h7xx_hal_cortex.o
LOAD ./Drivers/STM32H7xx_HAL_Driver/stm32h7xx_hal_dma.o
LOAD ./Drivers/STM32H7xx_HAL_Driver/stm32h7xx_hal_dma_ex.o
LOAD ./Drivers/STM32H7xx_HAL_Driver/stm32h7xx_hal_exti.o
LOAD ./Drivers/STM32H7xx_HAL_Driver/stm32h7xx_hal_flash.o
LOAD ./Drivers/STM32H7xx_HAL_Driver/stm32h7xx_hal_flash_ex.o
LOAD ./Drivers/STM32H7xx_HAL_Driver/stm32h7xx_hal_gpio.o
LOAD ./Drivers/STM32H7xx_HAL_Driver/stm32h7xx_hal_hsem.o
LOAD ./Drivers/STM32H7xx_HAL_Driver/stm32h7xx_hal_i2c.o
LOAD ./Drivers/STM32H7xx_HAL_Driver/stm32h7xx_hal_i2c_ex.o
LOAD ./Drivers/STM32H7xx_HAL_Driver/stm32h7xx_hal_mdma.o
LOAD ./Drivers/STM32H7xx_HAL_Driver/stm32h7xx_hal_pcd.o
LOAD ./Drivers/STM32H7xx_HAL_Driver/stm32h7xx_hal_pcd_ex.o
LOAD ./Drivers/STM32H7xx_HAL_Driver/stm32h7xx_hal_pwr.o
LOAD ./Drivers/STM32H7xx_HAL_Driver/stm32h7xx_hal_pwr_ex.o
LOAD ./Drivers/STM32H7xx_HAL_Driver/stm32h7xx_hal_rcc.o
LOAD ./Drivers/STM32H7xx_HAL_Driver/stm32h7xx_hal_rcc_ex.o
LOAD ./Drivers/STM32H7xx_HAL_Driver/stm32h7xx_hal_tim.o
LOAD ./Drivers/STM32H7xx_HAL_Driver/stm32h7xx_hal_tim_ex.o
LOAD ./Drivers/STM32H7xx_HAL_Driver/stm32h7xx_hal_uart.o
LOAD ./Drivers/STM32H7xx_HAL_Driver/stm32h7xx_hal_uart_ex.o
LOAD ./Drivers/STM32H7xx_HAL_Driver/stm32h7xx_ll_usb.o
LOAD ./Middlewares/ST/STM32_USB_Device_Library/usbd_cdc.o
LOAD ./Middlewares/ST/STM32_USB_Device_Library/usbd_core.o
LOAD ./Middlewares/ST/STM32_USB_Device_Library/usbd_ctlreq.o
LOAD ./Middlewares/ST/STM32_USB_Device_Library/usbd_ioreq.o
LOAD ./USB_DEVICE/App/usb_device.o
LOAD ./USB_DEVICE/App/usbd_cdc_if.o
LOAD ./USB_DEVICE/App/usbd_desc.o
LOAD ./USB_DEVICE/Target/usbd_conf.o
START GROUP
LOAD C:/ST/STM32CubeIDE_1.12.0/STM32CubeIDE/plugins/com.st.stm32cube.ide.mcu.externaltools.gnu-tools-for-stm32.11.3.rel1.win32_1.1.0.202305231506/tools/bin/../lib/gcc/arm-none-eabi/11.3.1/../../../../arm-none-eabi/lib/thumb/v7e-m+dp/hard\libc_nano.a
LOAD C:/ST/STM32CubeIDE_1.12.0/STM32CubeIDE/plugins/com.st.stm32cube.ide.mcu.externaltools.gnu-tools-for-stm32.11.3.rel1.win32_1.1.0.202305231506/tools/bin/../lib/gcc/arm-none-eabi/11.3.1/../../../../arm-none-eabi/lib/thumb/v7e-m+dp/hard\libm.a
END GROUP
START GROUP
LOAD C:/ST/STM32CubeIDE_1.12.0/STM32CubeIDE/plugins/com.st.stm32cube.ide.mcu.externaltools.gnu-tools-for-stm32.11.3.rel1.win32_1.1.0.202305231506/tools/bin/../lib/gcc/arm-none-eabi/11.3.1/thumb/v7e-m+dp/hard\libgcc.a
LOAD C:/ST/STM32CubeIDE_1.12.0/STM32CubeIDE/plugins/com.st.stm32cube.ide.mcu.externaltools.gnu-tools-for-stm32.11.3.rel1.win32_1.1.0.202305231506/tools/bin/../lib/gcc/arm-none-eabi/11.3.1/../../../../arm-none-eabi/lib/thumb/v7e-m+dp/hard\libc_nano.a
END GROUP
START GROUP
LOAD C:/ST/STM32CubeIDE_1.12.0/STM32CubeIDE/plugins/com.st.stm32cube.ide.mcu.externaltools.gnu-tools-for-stm32.11.3.rel1.win32_1.1.0.202305231506/tools/bin/../lib/gcc/arm-none-eabi/11.3.1/thumb/v7e-m+dp/hard\libgcc.a
LOAD C:/ST/STM32CubeIDE_1.12.0/STM32CubeIDE/plugins/com.st.stm32cube.ide.mcu.externaltools.gnu-tools-for-stm32.11.3.rel1.win32_1.1.0.202305231506/tools/bin/../lib/gcc/arm-none-eabi/11.3.1/../../../../arm-none-eabi/lib/thumb/v7e-m+dp/hard\libc_nano.a
LOAD C:/ST/STM32CubeIDE_1.12.0/STM32CubeIDE/plugins/com.st.stm32cube.ide.mcu.externaltools.gnu-tools-for-stm32.11.3.rel1.win32_1.1.0.202305231506/tools/bin/../lib/gcc/arm-none-eabi/11.3.1/../../../../arm-none-eabi/lib/thumb/v7e-m+dp/hard\libnosys.a
END GROUP
START GROUP
LOAD C:/ST/STM32CubeIDE_1.12.0/STM32CubeIDE/plugins/com.st.stm32cube.ide.mcu.externaltools.gnu-tools-for-stm32.11.3.rel1.win32_1.1.0.202305231506/tools/bin/../lib/gcc/arm-none-eabi/11.3.1/thumb/v7e-m+dp/hard\libgcc.a
LOAD C:/ST/STM32CubeIDE_1.12.0/STM32CubeIDE/plugins/com.st.stm32cube.ide.mcu.externaltools.gnu-tools-for-stm32.11.3.rel1.win32_1.1.0.202305231506/tools/bin/../lib/gcc/arm-none-eabi/11.3.1/../../../../arm-none-eabi/lib/thumb/v7e-m+dp/hard\libc_nano.a
LOAD C:/ST/STM32CubeIDE_1.12.0/STM32CubeIDE/plugins/com.st.stm32cube.ide.mcu.externaltools.gnu-tools-for-stm32.11.3.rel1.win32_1.1.0.202305231506/tools/bin/../lib/gcc/arm-none-eabi/11.3.1/../../../../arm-none-eabi/lib/thumb/v7e-m+dp/hard\libnosys.a
END GROUP
LOAD C:/ST/STM32CubeIDE_1.12.0/STM32CubeIDE/plugins/com.st.stm32cube.ide.mcu.externaltools.gnu-tools-for-stm32.11.3.rel1.win32_1.1.0.202305231506/tools/bin/../lib/gcc/arm-none-eabi/11.3.1/thumb/v7e-m+dp/hard/crtend.o
LOAD C:/ST/STM32CubeIDE_1.12.0/STM32CubeIDE/plugins/com.st.stm32cube.ide.mcu.externaltools.gnu-tools-for-stm32.11.3.rel1.win32_1.1.0.202305231506/tools/bin/../lib/gcc/arm-none-eabi/11.3.1/thumb/v7e-m+dp/hard/crtn.o
                0x0000000024080000                _estack = (ORIGIN (RAM_D1) + LENGTH (RAM_D1))
                0x0000000000002000                _Min_Heap_Size = 0x2000
                0x0000000000004000                _Min_Stack_Size = 0x4000

.isr_vector     0x0000000008000000      0x298
                0x0000000008000000                . = ALIGN (0x4)
 *(.isr_vector)
 .isr_vector    0x0000000008000000      0x298 ./Core/Startup/startup_stm32h745zitx.o
                0x0000000008000000                g_pfnVectors
                0x0000000008000298                . = ALIGN (0x4)

.text           0x00000000080002a0    0x118b0
                0x00000000080002a0                . = ALIGN (0x4)
 *(.text)
 .text          0x00000000080002a0       0x40 C:/ST/STM32CubeIDE_1.12.0/STM32CubeIDE/plugins/com.st.stm32cube.ide.mcu.externaltools.gnu-tools-for-stm32.11.3.rel1.win32_1.1.0.202305231506/tools/bin/../lib/gcc/arm-none-eabi/11.3.1/thumb/v7e-m+dp/hard/crtbegin.o
 .text          0x00000000080002e0       0xa0 C:/ST/STM32CubeIDE_1.12.0/STM32CubeIDE/plugins/com.st.stm32cube.ide.mcu.externaltools.gnu-tools-for-stm32.11.3.rel1.win32_1.1.0.202305231506/tools/bin/../lib/gcc/arm-none-eabi/11.3.1/../../../../arm-none-eabi/lib/thumb/v7e-m+dp/hard\libc_nano.a(libc_a-memchr.o)
                0x00000000080002e0                memchr
 .text          0x0000000008000380       0x10 C:/ST/STM32CubeIDE_1.12.0/STM32CubeIDE/plugins/com.st.stm32cube.ide.mcu.externaltools.gnu-tools-for-stm32.11.3.rel1.win32_1.1.0.202305231506/tools/bin/../lib/gcc/arm-none-eabi/11.3.1/../../../../arm-none-eabi/lib/thumb/v7e-m+dp/hard\libc_nano.a(libc_a-strlen.o)
                0x0000000008000380                strlen
 .text          0x0000000008000390       0x30 C:/ST/STM32CubeIDE_1.12.0/STM32CubeIDE/plugins/com.st.stm32cube.ide.mcu.externaltools.gnu-tools-for-stm32.11.3.rel1.win32_1.1.0.202305231506/tools/bin/../lib/gcc/arm-none-eabi/11.3.1/thumb/v7e-m+dp/hard\libgcc.a(_aeabi_uldivmod.o)
                0x0000000008000390                __aeabi_uldivmod
 .text          0x00000000080003c0      0x2c8 C:/ST/STM32CubeIDE_1.12.0/STM32CubeIDE/plugins/com.st.stm32cube.ide.mcu.externaltools.gnu-tools-for-stm32.11.3.rel1.win32_1.1.0.202305231506/tools/bin/../lib/gcc/arm-none-eabi/11.3.1/thumb/v7e-m+dp/hard\libgcc.a(_udivmoddi4.o)
                0x00000000080003c0                __udivmoddi4
 .text          0x0000000008000688        0x4 C:/ST/STM32CubeIDE_1.12.0/STM32CubeIDE/plugins/com.st.stm32cube.ide.mcu.externaltools.gnu-tools-for-stm32.11.3.rel1.win32_1.1.0.202305231506/tools/bin/../lib/gcc/arm-none-eabi/11.3.1/thumb/v7e-m+dp/hard\libgcc.a(_dvmd_tls.o)
                0x0000000008000688                __aeabi_idiv0
                0x0000000008000688                __aeabi_ldiv0
 *(.text*)
 .text.SystemInit
                0x000000000800068c      0x12c ./Common/Src/system_stm32h7xx_dualcore_boot_cm4_cm7.o
                0x000000000800068c                SystemInit
 .text.InitArm  0x00000000080007b8      0x110 ./Core/Src/arm.o
                0x00000000080007b8                InitArm
 .text.FindHomeJoint
                0x00000000080008c8       0x3c ./Core/Src/arm.o
                0x00000000080008c8                FindHomeJoint
 .text.FindHomeForce
                0x0000000008000904       0x38 ./Core/Src/arm.o
                0x0000000008000904                FindHomeForce
 .text.FindHomeArm
                0x000000000800093c       0x2c ./Core/Src/arm.o
                0x000000000800093c                FindHomeArm
 .text.FindHomeArmForce
                0x0000000008000968       0x2c ./Core/Src/arm.o
                0x0000000008000968                FindHomeArmForce
 .text.TickTimerChennel1
                0x0000000008000994       0x3c ./Core/Src/arm.o
                0x0000000008000994                TickTimerChennel1
 .text.TickTimerChennel2
                0x00000000080009d0      0x118 ./Core/Src/arm.o
                0x00000000080009d0                TickTimerChennel2
 .text.SetTargetPointEqSpeed
                0x0000000008000ae8      0x210 ./Core/Src/arm.o
                0x0000000008000ae8                SetTargetPointEqSpeed
 .text.SetBackToZeroJoint
                0x0000000008000cf8       0x30 ./Core/Src/arm.o
                0x0000000008000cf8                SetBackToZeroJoint
 .text.SetFullStepsJoint
                0x0000000008000d28       0x30 ./Core/Src/arm.o
                0x0000000008000d28                SetFullStepsJoint
 .text.SetFindHomeSpeed
                0x0000000008000d58       0x24 ./Core/Src/arm.o
                0x0000000008000d58                SetFindHomeSpeed
 .text.SetMaxSpeed
                0x0000000008000d7c       0x24 ./Core/Src/arm.o
                0x0000000008000d7c                SetMaxSpeed
 .text.ReportJointState
                0x0000000008000da0       0x84 ./Core/Src/arm.o
                0x0000000008000da0                ReportJointState
 *fill*         0x0000000008000e24        0x4 
 .text.ReportJointsState
                0x0000000008000e28       0x94 ./Core/Src/arm.o
                0x0000000008000e28                ReportJointsState
 .text.SendMessage
                0x0000000008000ebc       0x22 ./Core/Src/cdc_message.o
                0x0000000008000ebc                SendMessage
 *fill*         0x0000000008000ede        0x2 
 .text.FindedHome
                0x0000000008000ee0       0x1c ./Core/Src/cdc_message.o
                0x0000000008000ee0                FindedHome
 .text.JointFindedHome
                0x0000000008000efc       0x40 ./Core/Src/cdc_message.o
                0x0000000008000efc                JointFindedHome
 .text.JointStateMessage
                0x0000000008000f3c       0x70 ./Core/Src/cdc_message.o
                0x0000000008000f3c                JointStateMessage
 .text.MoveEndMessage
                0x0000000008000fac       0x1c ./Core/Src/cdc_message.o
                0x0000000008000fac                MoveEndMessage
 .text.BlockMoveEndMessage
                0x0000000008000fc8       0x1c ./Core/Src/cdc_message.o
                0x0000000008000fc8                BlockMoveEndMessage
 .text.PongMessage
                0x0000000008000fe4       0x1c ./Core/Src/cdc_message.o
                0x0000000008000fe4                PongMessage
 .text.InitJointInvDirStep
                0x0000000008001000       0xa8 ./Core/Src/joint.o
                0x0000000008001000                InitJointInvDirStep
 .text.InitJointInvDir
                0x00000000080010a8       0x44 ./Core/Src/joint.o
                0x00000000080010a8                InitJointInvDir
 .text.InitJoint
                0x00000000080010ec       0x42 ./Core/Src/joint.o
                0x00000000080010ec                InitJoint
 .text.LeadingEdge
                0x000000000800112e       0x68 ./Core/Src/joint.o
                0x000000000800112e                LeadingEdge
 .text.TrailingEdge
                0x0000000008001196       0x48 ./Core/Src/joint.o
                0x0000000008001196                TrailingEdge
 .text.SetDirectionForward
                0x00000000080011de       0x56 ./Core/Src/joint.o
                0x00000000080011de                SetDirectionForward
 .text.SetDirectionBackward
                0x0000000008001234       0x56 ./Core/Src/joint.o
                0x0000000008001234                SetDirectionBackward
 .text.ResetPosition
                0x000000000800128a       0x20 ./Core/Src/joint.o
                0x000000000800128a                ResetPosition
 .text.DistanceToTarget
                0x00000000080012aa       0x24 ./Core/Src/joint.o
                0x00000000080012aa                DistanceToTarget
 .text.NeedSteps
                0x00000000080012ce       0x22 ./Core/Src/joint.o
                0x00000000080012ce                NeedSteps
 .text.SetTarget
                0x00000000080012f0       0x46 ./Core/Src/joint.o
                0x00000000080012f0                SetTarget
 .text.CheckLimiter
                0x0000000008001336       0x2e ./Core/Src/joint.o
                0x0000000008001336                CheckLimiter
 .text.InitProcStart
                0x0000000008001364       0x3a ./Core/Src/joint.o
                0x0000000008001364                InitProcStart
 .text.StepFindHome
                0x000000000800139e       0x76 ./Core/Src/joint.o
                0x000000000800139e                StepFindHome
 .text.TickStepperChanel1
                0x0000000008001414       0x6e ./Core/Src/joint.o
                0x0000000008001414                TickStepperChanel1
 .text.TickStepperChanel2
                0x0000000008001482       0x46 ./Core/Src/joint.o
                0x0000000008001482                TickStepperChanel2
 .text.ReciveCommand
                0x00000000080014c8      0x558 ./Core/Src/main.o
                0x00000000080014c8                ReciveCommand
 .text.HAL_TIM_OC_DelayElapsedCallback
                0x0000000008001a20       0x38 ./Core/Src/main.o
                0x0000000008001a20                HAL_TIM_OC_DelayElapsedCallback
 .text.main     0x0000000008001a58      0x22c ./Core/Src/main.o
                0x0000000008001a58                main
 .text.SystemClock_Config
                0x0000000008001c84       0xf8 ./Core/Src/main.o
                0x0000000008001c84                SystemClock_Config
 .text.MX_TIM1_Init
                0x0000000008001d7c      0x170 ./Core/Src/main.o
 .text.MX_USART3_UART_Init
                0x0000000008001eec       0x98 ./Core/Src/main.o
 .text.MX_GPIO_Init
                0x0000000008001f84      0x26c ./Core/Src/main.o
 .text.Error_Handler
                0x00000000080021f0        0xa ./Core/Src/main.o
                0x00000000080021f0                Error_Handler
 *fill*         0x00000000080021fa        0x2 
 .text.AddPathPoint
                0x00000000080021fc       0xb0 ./Core/Src/path_command.o
                0x00000000080021fc                AddPathPoint
 .text.ClearPath
                0x00000000080022ac       0x24 ./Core/Src/path_command.o
                0x00000000080022ac                ClearPath
 .text.GetNextPoint
                0x00000000080022d0       0x54 ./Core/Src/path_command.o
                0x00000000080022d0                GetNextPoint
 .text.GetNextPointWithStep
                0x0000000008002324       0x54 ./Core/Src/path_command.o
                0x0000000008002324                GetNextPointWithStep
 .text.PathMoving
                0x0000000008002378       0x18 ./Core/Src/path_command.o
                0x0000000008002378                PathMoving
 .text.PathStep
                0x0000000008002390       0x98 ./Core/Src/path_command.o
                0x0000000008002390                PathStep
 .text.StartMovePath
                0x0000000008002428       0x3c ./Core/Src/path_command.o
                0x0000000008002428                StartMovePath
 .text.HAL_MspInit
                0x0000000008002464       0x34 ./Core/Src/stm32h7xx_hal_msp.o
                0x0000000008002464                HAL_MspInit
 .text.HAL_TIM_Base_MspInit
                0x0000000008002498       0x60 ./Core/Src/stm32h7xx_hal_msp.o
                0x0000000008002498                HAL_TIM_Base_MspInit
 .text.HAL_UART_MspInit
                0x00000000080024f8       0xe4 ./Core/Src/stm32h7xx_hal_msp.o
                0x00000000080024f8                HAL_UART_MspInit
 .text.NMI_Handler
                0x00000000080025dc        0x6 ./Core/Src/stm32h7xx_it.o
                0x00000000080025dc                NMI_Handler
 .text.HardFault_Handler
                0x00000000080025e2        0x6 ./Core/Src/stm32h7xx_it.o
                0x00000000080025e2                HardFault_Handler
 .text.MemManage_Handler
                0x00000000080025e8        0x6 ./Core/Src/stm32h7xx_it.o
                0x00000000080025e8                MemManage_Handler
 .text.BusFault_Handler
                0x00000000080025ee        0x6 ./Core/Src/stm32h7xx_it.o
                0x00000000080025ee                BusFault_Handler
 .text.UsageFault_Handler
                0x00000000080025f4        0x6 ./Core/Src/stm32h7xx_it.o
                0x00000000080025f4                UsageFault_Handler
 .text.SVC_Handler
                0x00000000080025fa        0xe ./Core/Src/stm32h7xx_it.o
                0x00000000080025fa                SVC_Handler
 .text.DebugMon_Handler
                0x0000000008002608        0xe ./Core/Src/stm32h7xx_it.o
                0x0000000008002608                DebugMon_Handler
 .text.PendSV_Handler
                0x0000000008002616        0xe ./Core/Src/stm32h7xx_it.o
                0x0000000008002616                PendSV_Handler
 .text.SysTick_Handler
                0x0000000008002624        0xc ./Core/Src/stm32h7xx_it.o
                0x0000000008002624                SysTick_Handler
 .text.TIM1_UP_IRQHandler
                0x0000000008002630       0x14 ./Core/Src/stm32h7xx_it.o
                0x0000000008002630                TIM1_UP_IRQHandler
 .text.TIM1_CC_IRQHandler
                0x0000000008002644       0x14 ./Core/Src/stm32h7xx_it.o
                0x0000000008002644                TIM1_CC_IRQHandler
 .text.USART3_IRQHandler
                0x0000000008002658       0x14 ./Core/Src/stm32h7xx_it.o
                0x0000000008002658                USART3_IRQHandler
 .text.OTG_FS_EP1_IN_IRQHandler
                0x000000000800266c       0x14 ./Core/Src/stm32h7xx_it.o
                0x000000000800266c                OTG_FS_EP1_IN_IRQHandler
 .text.OTG_FS_IRQHandler
                0x0000000008002680       0x14 ./Core/Src/stm32h7xx_it.o
                0x0000000008002680                OTG_FS_IRQHandler
 .text._getpid  0x0000000008002694       0x10 ./Core/Src/syscalls.o
                0x0000000008002694                _getpid
 .text._kill    0x00000000080026a4       0x20 ./Core/Src/syscalls.o
                0x00000000080026a4                _kill
 .text._exit    0x00000000080026c4       0x14 ./Core/Src/syscalls.o
                0x00000000080026c4                _exit
 .text._read    0x00000000080026d8       0x3a ./Core/Src/syscalls.o
                0x00000000080026d8                _read
 .text._write   0x0000000008002712       0x38 ./Core/Src/syscalls.o
                0x0000000008002712                _write
 .text._close   0x000000000800274a       0x18 ./Core/Src/syscalls.o
                0x000000000800274a                _close
 .text._fstat   0x0000000008002762       0x20 ./Core/Src/syscalls.o
                0x0000000008002762                _fstat
 .text._isatty  0x0000000008002782       0x16 ./Core/Src/syscalls.o
                0x0000000008002782                _isatty
 .text._lseek   0x0000000008002798       0x1a ./Core/Src/syscalls.o
                0x0000000008002798                _lseek
 *fill*         0x00000000080027b2        0x2 
 .text._sbrk    0x00000000080027b4       0x6c ./Core/Src/sysmem.o
                0x00000000080027b4                _sbrk
 .text.Reset_Handler
                0x0000000008002820       0x50 ./Core/Startup/startup_stm32h745zitx.o
                0x0000000008002820                Reset_Handler
 .text.Default_Handler
                0x0000000008002870        0x2 ./Core/Startup/startup_stm32h745zitx.o
                0x0000000008002870                RTC_Alarm_IRQHandler
                0x0000000008002870                EXTI2_IRQHandler
                0x0000000008002870                TIM8_CC_IRQHandler
                0x0000000008002870                HRTIM1_Master_IRQHandler
                0x0000000008002870                UART8_IRQHandler
                0x0000000008002870                SPI4_IRQHandler
                0x0000000008002870                BDMA_Channel6_IRQHandler
                0x0000000008002870                DMA2_Stream5_IRQHandler
                0x0000000008002870                HRTIM1_FLT_IRQHandler
                0x0000000008002870                JPEG_IRQHandler
                0x0000000008002870                DMA1_Stream5_IRQHandler
                0x0000000008002870                BDMA_Channel1_IRQHandler
                0x0000000008002870                HRTIM1_TIMD_IRQHandler
                0x0000000008002870                TAMP_STAMP_IRQHandler
                0x0000000008002870                EXTI3_IRQHandler
                0x0000000008002870                LPTIM4_IRQHandler
                0x0000000008002870                TIM8_TRG_COM_TIM14_IRQHandler
                0x0000000008002870                LPTIM2_IRQHandler
                0x0000000008002870                DFSDM1_FLT1_IRQHandler
                0x0000000008002870                DMAMUX2_OVR_IRQHandler
                0x0000000008002870                TIM8_UP_TIM13_IRQHandler
                0x0000000008002870                I2C3_ER_IRQHandler
                0x0000000008002870                DFSDM1_FLT2_IRQHandler
                0x0000000008002870                MDMA_IRQHandler
                0x0000000008002870                LPTIM3_IRQHandler
                0x0000000008002870                HSEM1_IRQHandler
                0x0000000008002870                EXTI0_IRQHandler
                0x0000000008002870                I2C2_EV_IRQHandler
                0x0000000008002870                DMA1_Stream2_IRQHandler
                0x0000000008002870                FPU_IRQHandler
                0x0000000008002870                OTG_HS_WKUP_IRQHandler
                0x0000000008002870                FDCAN1_IT1_IRQHandler
                0x0000000008002870                LTDC_ER_IRQHandler
                0x0000000008002870                DMA2_Stream2_IRQHandler
                0x0000000008002870                HRTIM1_TIME_IRQHandler
                0x0000000008002870                SPI1_IRQHandler
                0x0000000008002870                TIM6_DAC_IRQHandler
                0x0000000008002870                DCMI_IRQHandler
                0x0000000008002870                HRTIM1_TIMC_IRQHandler
                0x0000000008002870                DMA2_Stream3_IRQHandler
                0x0000000008002870                SAI2_IRQHandler
                0x0000000008002870                DFSDM1_FLT3_IRQHandler
                0x0000000008002870                USART6_IRQHandler
                0x0000000008002870                TIM17_IRQHandler
                0x0000000008002870                BDMA_Channel7_IRQHandler
                0x0000000008002870                LPTIM5_IRQHandler
                0x0000000008002870                UART5_IRQHandler
                0x0000000008002870                ADC3_IRQHandler
                0x0000000008002870                DMA2_Stream0_IRQHandler
                0x0000000008002870                TIM4_IRQHandler
                0x0000000008002870                BDMA_Channel2_IRQHandler
                0x0000000008002870                QUADSPI_IRQHandler
                0x0000000008002870                I2C1_EV_IRQHandler
                0x0000000008002870                DMA1_Stream6_IRQHandler
                0x0000000008002870                DMAMUX1_OVR_IRQHandler
                0x0000000008002870                DMA1_Stream1_IRQHandler
                0x0000000008002870                TIM16_IRQHandler
                0x0000000008002870                UART4_IRQHandler
                0x0000000008002870                BDMA_Channel5_IRQHandler
                0x0000000008002870                TIM3_IRQHandler
                0x0000000008002870                RCC_IRQHandler
                0x0000000008002870                TIM8_BRK_TIM12_IRQHandler
                0x0000000008002870                TIM1_TRG_COM_IRQHandler
                0x0000000008002870                Default_Handler
                0x0000000008002870                ECC_IRQHandler
                0x0000000008002870                CEC_IRQHandler
                0x0000000008002870                EXTI15_10_IRQHandler
                0x0000000008002870                BDMA_Channel0_IRQHandler
                0x0000000008002870                ADC_IRQHandler
                0x0000000008002870                DMA1_Stream7_IRQHandler
                0x0000000008002870                HRTIM1_TIMA_IRQHandler
                0x0000000008002870                SPI5_IRQHandler
                0x0000000008002870                TIM7_IRQHandler
                0x0000000008002870                SDMMC1_IRQHandler
                0x0000000008002870                TIM5_IRQHandler
                0x0000000008002870                DMA2_Stream7_IRQHandler
                0x0000000008002870                TIM15_IRQHandler
                0x0000000008002870                PVD_AVD_IRQHandler
                0x0000000008002870                I2C3_EV_IRQHandler
                0x0000000008002870                EXTI9_5_IRQHandler
                0x0000000008002870                RTC_WKUP_IRQHandler
                0x0000000008002870                LTDC_IRQHandler
                0x0000000008002870                SAI3_IRQHandler
                0x0000000008002870                ETH_WKUP_IRQHandler
                0x0000000008002870                SPDIF_RX_IRQHandler
                0x0000000008002870                SPI2_IRQHandler
                0x0000000008002870                OTG_HS_EP1_IN_IRQHandler
                0x0000000008002870                DMA1_Stream0_IRQHandler
                0x0000000008002870                CRS_IRQHandler
                0x0000000008002870                CM7_SEV_IRQHandler
                0x0000000008002870                EXTI4_IRQHandler
                0x0000000008002870                RNG_IRQHandler
                0x0000000008002870                CM4_SEV_IRQHandler
                0x0000000008002870                HRTIM1_TIMB_IRQHandler
                0x0000000008002870                FDCAN2_IT1_IRQHandler
                0x0000000008002870                ETH_IRQHandler
                0x0000000008002870                WWDG_RST_IRQHandler
                0x0000000008002870                BDMA_Channel4_IRQHandler
                0x0000000008002870                OTG_HS_EP1_OUT_IRQHandler
                0x0000000008002870                WWDG_IRQHandler
                0x0000000008002870                SPI6_IRQHandler
                0x0000000008002870                MDIOS_IRQHandler
                0x0000000008002870                I2C4_EV_IRQHandler
                0x0000000008002870                FDCAN2_IT0_IRQHandler
                0x0000000008002870                LPUART1_IRQHandler
                0x0000000008002870                FDCAN1_IT0_IRQHandler
                0x0000000008002870                TIM2_IRQHandler
                0x0000000008002870                OTG_FS_WKUP_IRQHandler
                0x0000000008002870                OTG_HS_IRQHandler
                0x0000000008002870                HSEM2_IRQHandler
                0x0000000008002870                DMA2D_IRQHandler
                0x0000000008002870                TIM1_BRK_IRQHandler
                0x0000000008002870                EXTI1_IRQHandler
                0x0000000008002870                SDMMC2_IRQHandler
                0x0000000008002870                OTG_FS_EP1_OUT_IRQHandler
                0x0000000008002870                BDMA_Channel3_IRQHandler
                0x0000000008002870                HOLD_CORE_IRQHandler
                0x0000000008002870                UART7_IRQHandler
                0x0000000008002870                MDIOS_WKUP_IRQHandler
                0x0000000008002870                USART2_IRQHandler
                0x0000000008002870                DFSDM1_FLT0_IRQHandler
                0x0000000008002870                SAI4_IRQHandler
                0x0000000008002870                I2C2_ER_IRQHandler
                0x0000000008002870                DMA2_Stream1_IRQHandler
                0x0000000008002870                FLASH_IRQHandler
                0x0000000008002870                DMA2_Stream4_IRQHandler
                0x0000000008002870                USART1_IRQHandler
                0x0000000008002870                SPI3_IRQHandler
                0x0000000008002870                WAKEUP_PIN_IRQHandler
                0x0000000008002870                DMA1_Stream4_IRQHandler
                0x0000000008002870                I2C1_ER_IRQHandler
                0x0000000008002870                FMC_IRQHandler
                0x0000000008002870                FDCAN_CAL_IRQHandler
                0x0000000008002870                SWPMI1_IRQHandler
                0x0000000008002870                COMP1_IRQHandler
                0x0000000008002870                LPTIM1_IRQHandler
                0x0000000008002870                I2C4_ER_IRQHandler
                0x0000000008002870                DMA2_Stream6_IRQHandler
                0x0000000008002870                SAI1_IRQHandler
                0x0000000008002870                DMA1_Stream3_IRQHandler
 *fill*         0x0000000008002872        0x2 
 .text.HAL_Init
                0x0000000008002874       0x78 ./Drivers/STM32H7xx_HAL_Driver/stm32h7xx_hal.o
                0x0000000008002874                HAL_Init
 .text.HAL_InitTick
                0x00000000080028ec       0x6c ./Drivers/STM32H7xx_HAL_Driver/stm32h7xx_hal.o
                0x00000000080028ec                HAL_InitTick
 .text.HAL_IncTick
                0x0000000008002958       0x28 ./Drivers/STM32H7xx_HAL_Driver/stm32h7xx_hal.o
                0x0000000008002958                HAL_IncTick
 .text.HAL_GetTick
                0x0000000008002980       0x18 ./Drivers/STM32H7xx_HAL_Driver/stm32h7xx_hal.o
                0x0000000008002980                HAL_GetTick
 .text.HAL_Delay
                0x0000000008002998       0x48 ./Drivers/STM32H7xx_HAL_Driver/stm32h7xx_hal.o
                0x0000000008002998                HAL_Delay
 .text.HAL_GetREVID
                0x00000000080029e0       0x18 ./Drivers/STM32H7xx_HAL_Driver/stm32h7xx_hal.o
                0x00000000080029e0                HAL_GetREVID
 .text.__NVIC_SetPriorityGrouping
                0x00000000080029f8       0x48 ./Drivers/STM32H7xx_HAL_Driver/stm32h7xx_hal_cortex.o
 .text.__NVIC_GetPriorityGrouping
                0x0000000008002a40       0x1c ./Drivers/STM32H7xx_HAL_Driver/stm32h7xx_hal_cortex.o
 .text.__NVIC_EnableIRQ
                0x0000000008002a5c       0x3c ./Drivers/STM32H7xx_HAL_Driver/stm32h7xx_hal_cortex.o
 .text.__NVIC_SetPriority
                0x0000000008002a98       0x54 ./Drivers/STM32H7xx_HAL_Driver/stm32h7xx_hal_cortex.o
 .text.NVIC_EncodePriority
                0x0000000008002aec       0x66 ./Drivers/STM32H7xx_HAL_Driver/stm32h7xx_hal_cortex.o
 *fill*         0x0000000008002b52        0x2 
 .text.SysTick_Config
                0x0000000008002b54       0x44 ./Drivers/STM32H7xx_HAL_Driver/stm32h7xx_hal_cortex.o
 .text.HAL_NVIC_SetPriorityGrouping
                0x0000000008002b98       0x16 ./Drivers/STM32H7xx_HAL_Driver/stm32h7xx_hal_cortex.o
                0x0000000008002b98                HAL_NVIC_SetPriorityGrouping
 .text.HAL_NVIC_SetPriority
                0x0000000008002bae       0x34 ./Drivers/STM32H7xx_HAL_Driver/stm32h7xx_hal_cortex.o
                0x0000000008002bae                HAL_NVIC_SetPriority
 .text.HAL_NVIC_EnableIRQ
                0x0000000008002be2       0x1c ./Drivers/STM32H7xx_HAL_Driver/stm32h7xx_hal_cortex.o
                0x0000000008002be2                HAL_NVIC_EnableIRQ
 .text.HAL_SYSTICK_Config
                0x0000000008002bfe       0x18 ./Drivers/STM32H7xx_HAL_Driver/stm32h7xx_hal_cortex.o
                0x0000000008002bfe                HAL_SYSTICK_Config
 *fill*         0x0000000008002c16        0x2 
 .text.HAL_DMA_Abort
                0x0000000008002c18      0x63c ./Drivers/STM32H7xx_HAL_Driver/stm32h7xx_hal_dma.o
                0x0000000008002c18                HAL_DMA_Abort
 .text.HAL_DMA_Abort_IT
                0x0000000008003254      0x48c ./Drivers/STM32H7xx_HAL_Driver/stm32h7xx_hal_dma.o
                0x0000000008003254                HAL_DMA_Abort_IT
 .text.HAL_GPIO_Init
                0x00000000080036e0      0x360 ./Drivers/STM32H7xx_HAL_Driver/stm32h7xx_hal_gpio.o
                0x00000000080036e0                HAL_GPIO_Init
 .text.HAL_GPIO_ReadPin
                0x0000000008003a40       0x30 ./Drivers/STM32H7xx_HAL_Driver/stm32h7xx_hal_gpio.o
                0x0000000008003a40                HAL_GPIO_ReadPin
 .text.HAL_GPIO_WritePin
                0x0000000008003a70       0x32 ./Drivers/STM32H7xx_HAL_Driver/stm32h7xx_hal_gpio.o
                0x0000000008003a70                HAL_GPIO_WritePin
 .text.HAL_PCD_Init
                0x0000000008003aa2      0x248 ./Drivers/STM32H7xx_HAL_Driver/stm32h7xx_hal_pcd.o
                0x0000000008003aa2                HAL_PCD_Init
 .text.HAL_PCD_Start
                0x0000000008003cea       0x6a ./Drivers/STM32H7xx_HAL_Driver/stm32h7xx_hal_pcd.o
                0x0000000008003cea                HAL_PCD_Start
 .text.HAL_PCD_IRQHandler
                0x0000000008003d54      0x998 ./Drivers/STM32H7xx_HAL_Driver/stm32h7xx_hal_pcd.o
                0x0000000008003d54                HAL_PCD_IRQHandler
 .text.HAL_PCD_SetAddress
                0x00000000080046ec       0x4a ./Drivers/STM32H7xx_HAL_Driver/stm32h7xx_hal_pcd.o
                0x00000000080046ec                HAL_PCD_SetAddress
 .text.HAL_PCD_EP_Open
                0x0000000008004736       0xd0 ./Drivers/STM32H7xx_HAL_Driver/stm32h7xx_hal_pcd.o
                0x0000000008004736                HAL_PCD_EP_Open
 .text.HAL_PCD_EP_Close
                0x0000000008004806       0x94 ./Drivers/STM32H7xx_HAL_Driver/stm32h7xx_hal_pcd.o
                0x0000000008004806                HAL_PCD_EP_Close
 .text.HAL_PCD_EP_Receive
                0x000000000800489a       0x78 ./Drivers/STM32H7xx_HAL_Driver/stm32h7xx_hal_pcd.o
                0x000000000800489a                HAL_PCD_EP_Receive
 .text.HAL_PCD_EP_GetRxCount
                0x0000000008004912       0x30 ./Drivers/STM32H7xx_HAL_Driver/stm32h7xx_hal_pcd.o
                0x0000000008004912                HAL_PCD_EP_GetRxCount
 .text.HAL_PCD_EP_Transmit
                0x0000000008004942       0x76 ./Drivers/STM32H7xx_HAL_Driver/stm32h7xx_hal_pcd.o
                0x0000000008004942                HAL_PCD_EP_Transmit
 .text.HAL_PCD_EP_SetStall
                0x00000000080049b8       0xc8 ./Drivers/STM32H7xx_HAL_Driver/stm32h7xx_hal_pcd.o
                0x00000000080049b8                HAL_PCD_EP_SetStall
 .text.HAL_PCD_EP_ClrStall
                0x0000000008004a80       0xac ./Drivers/STM32H7xx_HAL_Driver/stm32h7xx_hal_pcd.o
                0x0000000008004a80                HAL_PCD_EP_ClrStall
 .text.HAL_PCD_EP_Abort
                0x0000000008004b2c       0x62 ./Drivers/STM32H7xx_HAL_Driver/stm32h7xx_hal_pcd.o
                0x0000000008004b2c                HAL_PCD_EP_Abort
 .text.PCD_WriteEmptyTxFifo
                0x0000000008004b8e      0x11a ./Drivers/STM32H7xx_HAL_Driver/stm32h7xx_hal_pcd.o
 .text.PCD_EP_OutXfrComplete_int
                0x0000000008004ca8      0x1d0 ./Drivers/STM32H7xx_HAL_Driver/stm32h7xx_hal_pcd.o
 .text.PCD_EP_OutSetupPacket_int
                0x0000000008004e78       0x8c ./Drivers/STM32H7xx_HAL_Driver/stm32h7xx_hal_pcd.o
 .text.HAL_PCDEx_SetTxFiFo
                0x0000000008004f04       0x8e ./Drivers/STM32H7xx_HAL_Driver/stm32h7xx_hal_pcd_ex.o
                0x0000000008004f04                HAL_PCDEx_SetTxFiFo
 .text.HAL_PCDEx_SetRxFiFo
                0x0000000008004f92       0x22 ./Drivers/STM32H7xx_HAL_Driver/stm32h7xx_hal_pcd_ex.o
                0x0000000008004f92                HAL_PCDEx_SetRxFiFo
 .text.HAL_PCDEx_ActivateLPM
                0x0000000008004fb4       0x48 ./Drivers/STM32H7xx_HAL_Driver/stm32h7xx_hal_pcd_ex.o
                0x0000000008004fb4                HAL_PCDEx_ActivateLPM
 .text.HAL_PCDEx_LPM_Callback
                0x0000000008004ffc       0x18 ./Drivers/STM32H7xx_HAL_Driver/stm32h7xx_hal_pcd_ex.o
                0x0000000008004ffc                HAL_PCDEx_LPM_Callback
 .text.HAL_PWREx_ConfigSupply
                0x0000000008005014       0xb4 ./Drivers/STM32H7xx_HAL_Driver/stm32h7xx_hal_pwr_ex.o
                0x0000000008005014                HAL_PWREx_ConfigSupply
 .text.HAL_PWREx_EnableUSBVoltageDetector
                0x00000000080050c8       0x20 ./Drivers/STM32H7xx_HAL_Driver/stm32h7xx_hal_pwr_ex.o
                0x00000000080050c8                HAL_PWREx_EnableUSBVoltageDetector
 .text.HAL_RCC_OscConfig
                0x00000000080050e8      0x8b4 ./Drivers/STM32H7xx_HAL_Driver/stm32h7xx_hal_rcc.o
                0x00000000080050e8                HAL_RCC_OscConfig
 .text.HAL_RCC_ClockConfig
                0x000000000800599c      0x36c ./Drivers/STM32H7xx_HAL_Driver/stm32h7xx_hal_rcc.o
                0x000000000800599c                HAL_RCC_ClockConfig
 .text.HAL_RCC_GetSysClockFreq
                0x0000000008005d08      0x2f4 ./Drivers/STM32H7xx_HAL_Driver/stm32h7xx_hal_rcc.o
                0x0000000008005d08                HAL_RCC_GetSysClockFreq
 .text.HAL_RCC_GetHCLKFreq
                0x0000000008005ffc       0x60 ./Drivers/STM32H7xx_HAL_Driver/stm32h7xx_hal_rcc.o
                0x0000000008005ffc                HAL_RCC_GetHCLKFreq
 .text.HAL_RCC_GetPCLK1Freq
                0x000000000800605c       0x2c ./Drivers/STM32H7xx_HAL_Driver/stm32h7xx_hal_rcc.o
                0x000000000800605c                HAL_RCC_GetPCLK1Freq
 .text.HAL_RCC_GetPCLK2Freq
                0x0000000008006088       0x2c ./Drivers/STM32H7xx_HAL_Driver/stm32h7xx_hal_rcc.o
                0x0000000008006088                HAL_RCC_GetPCLK2Freq
 .text.HAL_RCCEx_PeriphCLKConfig
                0x00000000080060b4     0x1414 ./Drivers/STM32H7xx_HAL_Driver/stm32h7xx_hal_rcc_ex.o
                0x00000000080060b4                HAL_RCCEx_PeriphCLKConfig
 .text.HAL_RCCEx_GetD3PCLK1Freq
                0x00000000080074c8       0x2c ./Drivers/STM32H7xx_HAL_Driver/stm32h7xx_hal_rcc_ex.o
                0x00000000080074c8                HAL_RCCEx_GetD3PCLK1Freq
 .text.HAL_RCCEx_GetPLL2ClockFreq
                0x00000000080074f4      0x2a8 ./Drivers/STM32H7xx_HAL_Driver/stm32h7xx_hal_rcc_ex.o
                0x00000000080074f4                HAL_RCCEx_GetPLL2ClockFreq
 .text.HAL_RCCEx_GetPLL3ClockFreq
                0x000000000800779c      0x2a8 ./Drivers/STM32H7xx_HAL_Driver/stm32h7xx_hal_rcc_ex.o
                0x000000000800779c                HAL_RCCEx_GetPLL3ClockFreq
 .text.RCCEx_PLL2_Config
                0x0000000008007a44      0x164 ./Drivers/STM32H7xx_HAL_Driver/stm32h7xx_hal_rcc_ex.o
 .text.RCCEx_PLL3_Config
                0x0000000008007ba8      0x164 ./Drivers/STM32H7xx_HAL_Driver/stm32h7xx_hal_rcc_ex.o
 .text.HAL_TIM_Base_Init
                0x0000000008007d0c       0xae ./Drivers/STM32H7xx_HAL_Driver/stm32h7xx_hal_tim.o
                0x0000000008007d0c                HAL_TIM_Base_Init
 *fill*         0x0000000008007dba        0x2 
 .text.HAL_TIM_Base_Start
                0x0000000008007dbc       0xe0 ./Drivers/STM32H7xx_HAL_Driver/stm32h7xx_hal_tim.o
                0x0000000008007dbc                HAL_TIM_Base_Start
 .text.HAL_TIM_OC_Init
                0x0000000008007e9c       0xae ./Drivers/STM32H7xx_HAL_Driver/stm32h7xx_hal_tim.o
                0x0000000008007e9c                HAL_TIM_OC_Init
 .text.HAL_TIM_OC_MspInit
                0x0000000008007f4a       0x14 ./Drivers/STM32H7xx_HAL_Driver/stm32h7xx_hal_tim.o
                0x0000000008007f4a                HAL_TIM_OC_MspInit
 *fill*         0x0000000008007f5e        0x2 
 .text.HAL_TIM_OC_Start_IT
                0x0000000008007f60      0x2b4 ./Drivers/STM32H7xx_HAL_Driver/stm32h7xx_hal_tim.o
                0x0000000008007f60                HAL_TIM_OC_Start_IT
 .text.HAL_TIM_IRQHandler
                0x0000000008008214      0x23e ./Drivers/STM32H7xx_HAL_Driver/stm32h7xx_hal_tim.o
                0x0000000008008214                HAL_TIM_IRQHandler
 *fill*         0x0000000008008452        0x2 
 .text.HAL_TIM_OC_ConfigChannel
                0x0000000008008454       0xf4 ./Drivers/STM32H7xx_HAL_Driver/stm32h7xx_hal_tim.o
                0x0000000008008454                HAL_TIM_OC_ConfigChannel
 .text.HAL_TIM_ConfigClockSource
                0x0000000008008548      0x1f0 ./Drivers/STM32H7xx_HAL_Driver/stm32h7xx_hal_tim.o
                0x0000000008008548                HAL_TIM_ConfigClockSource
 .text.HAL_TIM_PeriodElapsedCallback
                0x0000000008008738       0x14 ./Drivers/STM32H7xx_HAL_Driver/stm32h7xx_hal_tim.o
                0x0000000008008738                HAL_TIM_PeriodElapsedCallback
 .text.HAL_TIM_IC_CaptureCallback
                0x000000000800874c       0x14 ./Drivers/STM32H7xx_HAL_Driver/stm32h7xx_hal_tim.o
                0x000000000800874c                HAL_TIM_IC_CaptureCallback
 .text.HAL_TIM_PWM_PulseFinishedCallback
                0x0000000008008760       0x14 ./Drivers/STM32H7xx_HAL_Driver/stm32h7xx_hal_tim.o
                0x0000000008008760                HAL_TIM_PWM_PulseFinishedCallback
 .text.HAL_TIM_TriggerCallback
                0x0000000008008774       0x14 ./Drivers/STM32H7xx_HAL_Driver/stm32h7xx_hal_tim.o
                0x0000000008008774                HAL_TIM_TriggerCallback
 .text.TIM_Base_SetConfig
                0x0000000008008788      0x134 ./Drivers/STM32H7xx_HAL_Driver/stm32h7xx_hal_tim.o
                0x0000000008008788                TIM_Base_SetConfig
 .text.TIM_OC1_SetConfig
                0x00000000080088bc      0x120 ./Drivers/STM32H7xx_HAL_Driver/stm32h7xx_hal_tim.o
 .text.TIM_OC2_SetConfig
                0x00000000080089dc      0x114 ./Drivers/STM32H7xx_HAL_Driver/stm32h7xx_hal_tim.o
                0x00000000080089dc                TIM_OC2_SetConfig
 .text.TIM_OC3_SetConfig
                0x0000000008008af0      0x110 ./Drivers/STM32H7xx_HAL_Driver/stm32h7xx_hal_tim.o
 .text.TIM_OC4_SetConfig
                0x0000000008008c00       0xd4 ./Drivers/STM32H7xx_HAL_Driver/stm32h7xx_hal_tim.o
 .text.TIM_OC5_SetConfig
                0x0000000008008cd4       0xc8 ./Drivers/STM32H7xx_HAL_Driver/stm32h7xx_hal_tim.o
 .text.TIM_OC6_SetConfig
                0x0000000008008d9c       0xcc ./Drivers/STM32H7xx_HAL_Driver/stm32h7xx_hal_tim.o
 .text.TIM_TI1_ConfigInputStage
                0x0000000008008e68       0x5e ./Drivers/STM32H7xx_HAL_Driver/stm32h7xx_hal_tim.o
 .text.TIM_TI2_ConfigInputStage
                0x0000000008008ec6       0x60 ./Drivers/STM32H7xx_HAL_Driver/stm32h7xx_hal_tim.o
 *fill*         0x0000000008008f26        0x2 
 .text.TIM_ITRx_SetConfig
                0x0000000008008f28       0x3c ./Drivers/STM32H7xx_HAL_Driver/stm32h7xx_hal_tim.o
 .text.TIM_ETR_SetConfig
                0x0000000008008f64       0x40 ./Drivers/STM32H7xx_HAL_Driver/stm32h7xx_hal_tim.o
                0x0000000008008f64                TIM_ETR_SetConfig
 .text.TIM_CCxChannelCmd
                0x0000000008008fa4       0x4a ./Drivers/STM32H7xx_HAL_Driver/stm32h7xx_hal_tim.o
                0x0000000008008fa4                TIM_CCxChannelCmd
 *fill*         0x0000000008008fee        0x2 
 .text.HAL_TIMEx_MasterConfigSynchronization
                0x0000000008008ff0      0x11c ./Drivers/STM32H7xx_HAL_Driver/stm32h7xx_hal_tim_ex.o
                0x0000000008008ff0                HAL_TIMEx_MasterConfigSynchronization
 .text.HAL_TIMEx_ConfigBreakDeadTime
                0x000000000800910c       0xfc ./Drivers/STM32H7xx_HAL_Driver/stm32h7xx_hal_tim_ex.o
                0x000000000800910c                HAL_TIMEx_ConfigBreakDeadTime
 .text.HAL_TIMEx_CommutCallback
                0x0000000008009208       0x14 ./Drivers/STM32H7xx_HAL_Driver/stm32h7xx_hal_tim_ex.o
                0x0000000008009208                HAL_TIMEx_CommutCallback
 .text.HAL_TIMEx_BreakCallback
                0x000000000800921c       0x14 ./Drivers/STM32H7xx_HAL_Driver/stm32h7xx_hal_tim_ex.o
                0x000000000800921c                HAL_TIMEx_BreakCallback
 .text.HAL_TIMEx_Break2Callback
                0x0000000008009230       0x14 ./Drivers/STM32H7xx_HAL_Driver/stm32h7xx_hal_tim_ex.o
                0x0000000008009230                HAL_TIMEx_Break2Callback
 .text.HAL_UART_Init
                0x0000000008009244       0xa0 ./Drivers/STM32H7xx_HAL_Driver/stm32h7xx_hal_uart.o
                0x0000000008009244                HAL_UART_Init
 .text.HAL_UART_IRQHandler
                0x00000000080092e4      0x774 ./Drivers/STM32H7xx_HAL_Driver/stm32h7xx_hal_uart.o
                0x00000000080092e4                HAL_UART_IRQHandler
 .text.HAL_UART_TxCpltCallback
                0x0000000008009a58       0x14 ./Drivers/STM32H7xx_HAL_Driver/stm32h7xx_hal_uart.o
                0x0000000008009a58                HAL_UART_TxCpltCallback
 .text.HAL_UART_ErrorCallback
                0x0000000008009a6c       0x14 ./Drivers/STM32H7xx_HAL_Driver/stm32h7xx_hal_uart.o
                0x0000000008009a6c                HAL_UART_ErrorCallback
 .text.HAL_UARTEx_RxEventCallback
                0x0000000008009a80       0x18 ./Drivers/STM32H7xx_HAL_Driver/stm32h7xx_hal_uart.o
                0x0000000008009a80                HAL_UARTEx_RxEventCallback
 .text.UART_SetConfig
                0x0000000008009a98      0xad0 ./Drivers/STM32H7xx_HAL_Driver/stm32h7xx_hal_uart.o
                0x0000000008009a98                UART_SetConfig
 .text.UART_AdvFeatureConfig
                0x000000000800a568      0x144 ./Drivers/STM32H7xx_HAL_Driver/stm32h7xx_hal_uart.o
                0x000000000800a568                UART_AdvFeatureConfig
 .text.UART_CheckIdleState
                0x000000000800a6ac      0x154 ./Drivers/STM32H7xx_HAL_Driver/stm32h7xx_hal_uart.o
                0x000000000800a6ac                UART_CheckIdleState
 .text.UART_WaitOnFlagUntilTimeout
                0x000000000800a800       0xce ./Drivers/STM32H7xx_HAL_Driver/stm32h7xx_hal_uart.o
                0x000000000800a800                UART_WaitOnFlagUntilTimeout
 *fill*         0x000000000800a8ce        0x2 
 .text.UART_EndRxTransfer
                0x000000000800a8d0       0xcc ./Drivers/STM32H7xx_HAL_Driver/stm32h7xx_hal_uart.o
 .text.UART_DMAAbortOnError
                0x000000000800a99c       0x2c ./Drivers/STM32H7xx_HAL_Driver/stm32h7xx_hal_uart.o
 .text.UART_EndTransmit_IT
                0x000000000800a9c8       0x56 ./Drivers/STM32H7xx_HAL_Driver/stm32h7xx_hal_uart.o
 .text.HAL_UARTEx_WakeupCallback
                0x000000000800aa1e       0x14 ./Drivers/STM32H7xx_HAL_Driver/stm32h7xx_hal_uart_ex.o
                0x000000000800aa1e                HAL_UARTEx_WakeupCallback
 .text.HAL_UARTEx_RxFifoFullCallback
                0x000000000800aa32       0x14 ./Drivers/STM32H7xx_HAL_Driver/stm32h7xx_hal_uart_ex.o
                0x000000000800aa32                HAL_UARTEx_RxFifoFullCallback
 .text.HAL_UARTEx_TxFifoEmptyCallback
                0x000000000800aa46       0x14 ./Drivers/STM32H7xx_HAL_Driver/stm32h7xx_hal_uart_ex.o
                0x000000000800aa46                HAL_UARTEx_TxFifoEmptyCallback
 .text.HAL_UARTEx_DisableFifoMode
                0x000000000800aa5a       0x72 ./Drivers/STM32H7xx_HAL_Driver/stm32h7xx_hal_uart_ex.o
                0x000000000800aa5a                HAL_UARTEx_DisableFifoMode
 .text.HAL_UARTEx_SetTxFifoThreshold
                0x000000000800aacc       0x7c ./Drivers/STM32H7xx_HAL_Driver/stm32h7xx_hal_uart_ex.o
                0x000000000800aacc                HAL_UARTEx_SetTxFifoThreshold
 .text.HAL_UARTEx_SetRxFifoThreshold
                0x000000000800ab48       0x7c ./Drivers/STM32H7xx_HAL_Driver/stm32h7xx_hal_uart_ex.o
                0x000000000800ab48                HAL_UARTEx_SetRxFifoThreshold
 .text.UARTEx_SetNbDataToProcess
                0x000000000800abc4       0x9c ./Drivers/STM32H7xx_HAL_Driver/stm32h7xx_hal_uart_ex.o
 .text.USB_CoreInit
                0x000000000800ac60       0xdc ./Drivers/STM32H7xx_HAL_Driver/stm32h7xx_ll_usb.o
                0x000000000800ac60                USB_CoreInit
 .text.USB_SetTurnaroundTime
                0x000000000800ad3c      0x144 ./Drivers/STM32H7xx_HAL_Driver/stm32h7xx_ll_usb.o
                0x000000000800ad3c                USB_SetTurnaroundTime
 .text.USB_EnableGlobalInt
                0x000000000800ae80       0x22 ./Drivers/STM32H7xx_HAL_Driver/stm32h7xx_ll_usb.o
                0x000000000800ae80                USB_EnableGlobalInt
 .text.USB_DisableGlobalInt
                0x000000000800aea2       0x22 ./Drivers/STM32H7xx_HAL_Driver/stm32h7xx_ll_usb.o
                0x000000000800aea2                USB_DisableGlobalInt
 .text.USB_SetCurrentMode
                0x000000000800aec4       0x98 ./Drivers/STM32H7xx_HAL_Driver/stm32h7xx_ll_usb.o
                0x000000000800aec4                USB_SetCurrentMode
 .text.USB_DevInit
                0x000000000800af5c      0x2bc ./Drivers/STM32H7xx_HAL_Driver/stm32h7xx_ll_usb.o
                0x000000000800af5c                USB_DevInit
 .text.USB_FlushTxFifo
                0x000000000800b218       0x68 ./Drivers/STM32H7xx_HAL_Driver/stm32h7xx_ll_usb.o
                0x000000000800b218                USB_FlushTxFifo
 .text.USB_FlushRxFifo
                0x000000000800b280       0x60 ./Drivers/STM32H7xx_HAL_Driver/stm32h7xx_ll_usb.o
                0x000000000800b280                USB_FlushRxFifo
 .text.USB_SetDevSpeed
                0x000000000800b2e0       0x32 ./Drivers/STM32H7xx_HAL_Driver/stm32h7xx_ll_usb.o
                0x000000000800b2e0                USB_SetDevSpeed
 .text.USB_GetDevSpeed
                0x000000000800b312       0x4a ./Drivers/STM32H7xx_HAL_Driver/stm32h7xx_ll_usb.o
                0x000000000800b312                USB_GetDevSpeed
 .text.USB_ActivateEndpoint
                0x000000000800b35c      0x110 ./Drivers/STM32H7xx_HAL_Driver/stm32h7xx_ll_usb.o
                0x000000000800b35c                USB_ActivateEndpoint
 .text.USB_DeactivateEndpoint
                0x000000000800b46c      0x1b8 ./Drivers/STM32H7xx_HAL_Driver/stm32h7xx_ll_usb.o
                0x000000000800b46c                USB_DeactivateEndpoint
 .text.USB_EPStartXfer
                0x000000000800b624      0x540 ./Drivers/STM32H7xx_HAL_Driver/stm32h7xx_ll_usb.o
                0x000000000800b624                USB_EPStartXfer
 .text.USB_EPStopXfer
                0x000000000800bb64      0x154 ./Drivers/STM32H7xx_HAL_Driver/stm32h7xx_ll_usb.o
                0x000000000800bb64                USB_EPStopXfer
 .text.USB_WritePacket
                0x000000000800bcb8       0x7c ./Drivers/STM32H7xx_HAL_Driver/stm32h7xx_ll_usb.o
                0x000000000800bcb8                USB_WritePacket
 .text.USB_ReadPacket
                0x000000000800bd34       0xb0 ./Drivers/STM32H7xx_HAL_Driver/stm32h7xx_ll_usb.o
                0x000000000800bd34                USB_ReadPacket
 .text.USB_EPSetStall
                0x000000000800bde4       0xdc ./Drivers/STM32H7xx_HAL_Driver/stm32h7xx_ll_usb.o
                0x000000000800bde4                USB_EPSetStall
 .text.USB_EPClearStall
                0x000000000800bec0       0xcc ./Drivers/STM32H7xx_HAL_Driver/stm32h7xx_ll_usb.o
                0x000000000800bec0                USB_EPClearStall
 .text.USB_SetDevAddress
                0x000000000800bf8c       0x4c ./Drivers/STM32H7xx_HAL_Driver/stm32h7xx_ll_usb.o
                0x000000000800bf8c                USB_SetDevAddress
 .text.USB_DevConnect
                0x000000000800bfd8       0x42 ./Drivers/STM32H7xx_HAL_Driver/stm32h7xx_ll_usb.o
                0x000000000800bfd8                USB_DevConnect
 .text.USB_DevDisconnect
                0x000000000800c01a       0x42 ./Drivers/STM32H7xx_HAL_Driver/stm32h7xx_ll_usb.o
                0x000000000800c01a                USB_DevDisconnect
 .text.USB_ReadInterrupts
                0x000000000800c05c       0x26 ./Drivers/STM32H7xx_HAL_Driver/stm32h7xx_ll_usb.o
                0x000000000800c05c                USB_ReadInterrupts
 .text.USB_ReadDevAllOutEpInterrupt
                0x000000000800c082       0x34 ./Drivers/STM32H7xx_HAL_Driver/stm32h7xx_ll_usb.o
                0x000000000800c082                USB_ReadDevAllOutEpInterrupt
 .text.USB_ReadDevAllInEpInterrupt
                0x000000000800c0b6       0x34 ./Drivers/STM32H7xx_HAL_Driver/stm32h7xx_ll_usb.o
                0x000000000800c0b6                USB_ReadDevAllInEpInterrupt
 .text.USB_ReadDevOutEPInterrupt
                0x000000000800c0ea       0x3c ./Drivers/STM32H7xx_HAL_Driver/stm32h7xx_ll_usb.o
                0x000000000800c0ea                USB_ReadDevOutEPInterrupt
 .text.USB_ReadDevInEPInterrupt
                0x000000000800c126       0x5c ./Drivers/STM32H7xx_HAL_Driver/stm32h7xx_ll_usb.o
                0x000000000800c126                USB_ReadDevInEPInterrupt
 .text.USB_GetMode
                0x000000000800c182       0x1c ./Drivers/STM32H7xx_HAL_Driver/stm32h7xx_ll_usb.o
                0x000000000800c182                USB_GetMode
 *fill*         0x000000000800c19e        0x2 
 .text.USB_ActivateSetup
                0x000000000800c1a0       0x48 ./Drivers/STM32H7xx_HAL_Driver/stm32h7xx_ll_usb.o
                0x000000000800c1a0                USB_ActivateSetup
 .text.USB_EP0_OutStart
                0x000000000800c1e8       0xbc ./Drivers/STM32H7xx_HAL_Driver/stm32h7xx_ll_usb.o
                0x000000000800c1e8                USB_EP0_OutStart
 .text.USB_CoreReset
                0x000000000800c2a4       0x68 ./Drivers/STM32H7xx_HAL_Driver/stm32h7xx_ll_usb.o
 .text.USBD_CDC_Init
                0x000000000800c30c      0x1f0 ./Middlewares/ST/STM32_USB_Device_Library/usbd_cdc.o
 .text.USBD_CDC_DeInit
                0x000000000800c4fc      0x104 ./Middlewares/ST/STM32_USB_Device_Library/usbd_cdc.o
 .text.USBD_CDC_Setup
                0x000000000800c600      0x1b8 ./Middlewares/ST/STM32_USB_Device_Library/usbd_cdc.o
 .text.USBD_CDC_DataIn
                0x000000000800c7b8       0xfe ./Middlewares/ST/STM32_USB_Device_Library/usbd_cdc.o
 .text.USBD_CDC_DataOut
                0x000000000800c8b6       0x70 ./Middlewares/ST/STM32_USB_Device_Library/usbd_cdc.o
 .text.USBD_CDC_EP0_RxReady
                0x000000000800c926       0x76 ./Middlewares/ST/STM32_USB_Device_Library/usbd_cdc.o
 .text.USBD_CDC_GetFSCfgDesc
                0x000000000800c99c       0x70 ./Middlewares/ST/STM32_USB_Device_Library/usbd_cdc.o
 .text.USBD_CDC_GetHSCfgDesc
                0x000000000800ca0c       0x70 ./Middlewares/ST/STM32_USB_Device_Library/usbd_cdc.o
 .text.USBD_CDC_GetOtherSpeedCfgDesc
                0x000000000800ca7c       0x70 ./Middlewares/ST/STM32_USB_Device_Library/usbd_cdc.o
 .text.USBD_CDC_GetDeviceQualifierDescriptor
                0x000000000800caec       0x20 ./Middlewares/ST/STM32_USB_Device_Library/usbd_cdc.o
                0x000000000800caec                USBD_CDC_GetDeviceQualifierDescriptor
 .text.USBD_CDC_RegisterInterface
                0x000000000800cb0c       0x34 ./Middlewares/ST/STM32_USB_Device_Library/usbd_cdc.o
                0x000000000800cb0c                USBD_CDC_RegisterInterface
 .text.USBD_CDC_SetTxBuffer
                0x000000000800cb40       0x44 ./Middlewares/ST/STM32_USB_Device_Library/usbd_cdc.o
                0x000000000800cb40                USBD_CDC_SetTxBuffer
 .text.USBD_CDC_SetRxBuffer
                0x000000000800cb84       0x3a ./Middlewares/ST/STM32_USB_Device_Library/usbd_cdc.o
                0x000000000800cb84                USBD_CDC_SetRxBuffer
 *fill*         0x000000000800cbbe        0x2 
 .text.USBD_CDC_TransmitPacket
                0x000000000800cbc0       0x80 ./Middlewares/ST/STM32_USB_Device_Library/usbd_cdc.o
                0x000000000800cbc0                USBD_CDC_TransmitPacket
 .text.USBD_CDC_ReceivePacket
                0x000000000800cc40       0x6c ./Middlewares/ST/STM32_USB_Device_Library/usbd_cdc.o
                0x000000000800cc40                USBD_CDC_ReceivePacket
 .text.USBD_Init
                0x000000000800ccac       0x60 ./Middlewares/ST/STM32_USB_Device_Library/usbd_core.o
                0x000000000800ccac                USBD_Init
 .text.USBD_RegisterClass
                0x000000000800cd0c       0x6c ./Middlewares/ST/STM32_USB_Device_Library/usbd_core.o
                0x000000000800cd0c                USBD_RegisterClass
 .text.USBD_Start
                0x000000000800cd78       0x18 ./Middlewares/ST/STM32_USB_Device_Library/usbd_core.o
                0x000000000800cd78                USBD_Start
 .text.USBD_RunTestMode
                0x000000000800cd90       0x16 ./Middlewares/ST/STM32_USB_Device_Library/usbd_core.o
                0x000000000800cd90                USBD_RunTestMode
 .text.USBD_SetClassConfig
                0x000000000800cda6       0x38 ./Middlewares/ST/STM32_USB_Device_Library/usbd_core.o
                0x000000000800cda6                USBD_SetClassConfig
 .text.USBD_ClrClassConfig
                0x000000000800cdde       0x34 ./Middlewares/ST/STM32_USB_Device_Library/usbd_core.o
                0x000000000800cdde                USBD_ClrClassConfig
 .text.USBD_LL_SetupStage
                0x000000000800ce12       0xaa ./Middlewares/ST/STM32_USB_Device_Library/usbd_core.o
                0x000000000800ce12                USBD_LL_SetupStage
 .text.USBD_LL_DataOutStage
                0x000000000800cebc      0x166 ./Middlewares/ST/STM32_USB_Device_Library/usbd_core.o
                0x000000000800cebc                USBD_LL_DataOutStage
 .text.USBD_LL_DataInStage
                0x000000000800d022      0x164 ./Middlewares/ST/STM32_USB_Device_Library/usbd_core.o
                0x000000000800d022                USBD_LL_DataInStage
 .text.USBD_LL_Reset
                0x000000000800d186       0xa4 ./Middlewares/ST/STM32_USB_Device_Library/usbd_core.o
                0x000000000800d186                USBD_LL_Reset
 .text.USBD_LL_SetSpeed
                0x000000000800d22a       0x20 ./Middlewares/ST/STM32_USB_Device_Library/usbd_core.o
                0x000000000800d22a                USBD_LL_SetSpeed
 .text.USBD_LL_Suspend
                0x000000000800d24a       0x38 ./Middlewares/ST/STM32_USB_Device_Library/usbd_core.o
                0x000000000800d24a                USBD_LL_Suspend
 .text.USBD_LL_Resume
                0x000000000800d282       0x30 ./Middlewares/ST/STM32_USB_Device_Library/usbd_core.o
                0x000000000800d282                USBD_LL_Resume
 .text.USBD_LL_SOF
                0x000000000800d2b2       0x40 ./Middlewares/ST/STM32_USB_Device_Library/usbd_core.o
                0x000000000800d2b2                USBD_LL_SOF
 .text.USBD_LL_IsoINIncomplete
                0x000000000800d2f2       0x64 ./Middlewares/ST/STM32_USB_Device_Library/usbd_core.o
                0x000000000800d2f2                USBD_LL_IsoINIncomplete
 .text.USBD_LL_IsoOUTIncomplete
                0x000000000800d356       0x64 ./Middlewares/ST/STM32_USB_Device_Library/usbd_core.o
                0x000000000800d356                USBD_LL_IsoOUTIncomplete
 .text.USBD_LL_DevConnected
                0x000000000800d3ba       0x16 ./Middlewares/ST/STM32_USB_Device_Library/usbd_core.o
                0x000000000800d3ba                USBD_LL_DevConnected
 .text.USBD_LL_DevDisconnected
                0x000000000800d3d0       0x46 ./Middlewares/ST/STM32_USB_Device_Library/usbd_core.o
                0x000000000800d3d0                USBD_LL_DevDisconnected
 .text.USBD_CoreFindIF
                0x000000000800d416       0x1a ./Middlewares/ST/STM32_USB_Device_Library/usbd_core.o
                0x000000000800d416                USBD_CoreFindIF
 .text.USBD_CoreFindEP
                0x000000000800d430       0x1a ./Middlewares/ST/STM32_USB_Device_Library/usbd_core.o
                0x000000000800d430                USBD_CoreFindEP
 .text.USBD_GetEpDesc
                0x000000000800d44a       0x74 ./Middlewares/ST/STM32_USB_Device_Library/usbd_core.o
                0x000000000800d44a                USBD_GetEpDesc
 .text.USBD_GetNextDesc
                0x000000000800d4be       0x3a ./Middlewares/ST/STM32_USB_Device_Library/usbd_core.o
                0x000000000800d4be                USBD_GetNextDesc
 .text.SWAPBYTE
                0x000000000800d4f8       0x3c ./Middlewares/ST/STM32_USB_Device_Library/usbd_ctlreq.o
 .text.USBD_StdDevReq
                0x000000000800d534       0xe4 ./Middlewares/ST/STM32_USB_Device_Library/usbd_ctlreq.o
                0x000000000800d534                USBD_StdDevReq
 .text.USBD_StdItfReq
                0x000000000800d618       0xd8 ./Middlewares/ST/STM32_USB_Device_Library/usbd_ctlreq.o
                0x000000000800d618                USBD_StdItfReq
 .text.USBD_StdEPReq
                0x000000000800d6f0      0x33a ./Middlewares/ST/STM32_USB_Device_Library/usbd_ctlreq.o
                0x000000000800d6f0                USBD_StdEPReq
 *fill*         0x000000000800da2a        0x2 
 .text.USBD_GetDescriptor
                0x000000000800da2c      0x2d4 ./Middlewares/ST/STM32_USB_Device_Library/usbd_ctlreq.o
 .text.USBD_SetAddress
                0x000000000800dd00       0x88 ./Middlewares/ST/STM32_USB_Device_Library/usbd_ctlreq.o
 .text.USBD_SetConfig
                0x000000000800dd88      0x154 ./Middlewares/ST/STM32_USB_Device_Library/usbd_ctlreq.o
 .text.USBD_GetConfig
                0x000000000800dedc       0x6c ./Middlewares/ST/STM32_USB_Device_Library/usbd_ctlreq.o
 .text.USBD_GetStatus
                0x000000000800df48       0x68 ./Middlewares/ST/STM32_USB_Device_Library/usbd_ctlreq.o
 .text.USBD_SetFeature
                0x000000000800dfb0       0x52 ./Middlewares/ST/STM32_USB_Device_Library/usbd_ctlreq.o
 .text.USBD_ClrFeature
                0x000000000800e002       0x44 ./Middlewares/ST/STM32_USB_Device_Library/usbd_ctlreq.o
 .text.USBD_ParseSetupRequest
                0x000000000800e046       0x74 ./Middlewares/ST/STM32_USB_Device_Library/usbd_ctlreq.o
                0x000000000800e046                USBD_ParseSetupRequest
 .text.USBD_CtlError
                0x000000000800e0ba       0x22 ./Middlewares/ST/STM32_USB_Device_Library/usbd_ctlreq.o
                0x000000000800e0ba                USBD_CtlError
 .text.USBD_GetString
                0x000000000800e0dc       0x8c ./Middlewares/ST/STM32_USB_Device_Library/usbd_ctlreq.o
                0x000000000800e0dc                USBD_GetString
 .text.USBD_GetLen
                0x000000000800e168       0x34 ./Middlewares/ST/STM32_USB_Device_Library/usbd_ctlreq.o
 .text.USBD_CtlSendData
                0x000000000800e19c       0x36 ./Middlewares/ST/STM32_USB_Device_Library/usbd_ioreq.o
                0x000000000800e19c                USBD_CtlSendData
 .text.USBD_CtlContinueSendData
                0x000000000800e1d2       0x22 ./Middlewares/ST/STM32_USB_Device_Library/usbd_ioreq.o
                0x000000000800e1d2                USBD_CtlContinueSendData
 .text.USBD_CtlPrepareRx
                0x000000000800e1f4       0x3a ./Middlewares/ST/STM32_USB_Device_Library/usbd_ioreq.o
                0x000000000800e1f4                USBD_CtlPrepareRx
 .text.USBD_CtlContinueRx
                0x000000000800e22e       0x22 ./Middlewares/ST/STM32_USB_Device_Library/usbd_ioreq.o
                0x000000000800e22e                USBD_CtlContinueRx
 .text.USBD_CtlSendStatus
                0x000000000800e250       0x26 ./Middlewares/ST/STM32_USB_Device_Library/usbd_ioreq.o
                0x000000000800e250                USBD_CtlSendStatus
 .text.USBD_CtlReceiveStatus
                0x000000000800e276       0x26 ./Middlewares/ST/STM32_USB_Device_Library/usbd_ioreq.o
                0x000000000800e276                USBD_CtlReceiveStatus
 .text.MX_USB_DEVICE_Init
                0x000000000800e29c       0x64 ./USB_DEVICE/App/usb_device.o
                0x000000000800e29c                MX_USB_DEVICE_Init
 .text.CDC_Init_FS
                0x000000000800e300       0x28 ./USB_DEVICE/App/usbd_cdc_if.o
 .text.CDC_DeInit_FS
                0x000000000800e328       0x10 ./USB_DEVICE/App/usbd_cdc_if.o
 .text.CDC_Control_FS
                0x000000000800e338       0xbc ./USB_DEVICE/App/usbd_cdc_if.o
 .text.CDC_Receive_FS
                0x000000000800e3f4       0x54 ./USB_DEVICE/App/usbd_cdc_if.o
 .text.CDC_Transmit_FS
                0x000000000800e448       0xa0 ./USB_DEVICE/App/usbd_cdc_if.o
                0x000000000800e448                CDC_Transmit_FS
 .text.CDC_TransmitCplt_FS
                0x000000000800e4e8       0x68 ./USB_DEVICE/App/usbd_cdc_if.o
 .text.CDC_Transmit
                0x000000000800e550       0x48 ./USB_DEVICE/App/usbd_cdc_if.o
                0x000000000800e550                CDC_Transmit
 .text.USBD_FS_DeviceDescriptor
                0x000000000800e598       0x24 ./USB_DEVICE/App/usbd_desc.o
                0x000000000800e598                USBD_FS_DeviceDescriptor
 .text.USBD_FS_LangIDStrDescriptor
                0x000000000800e5bc       0x24 ./USB_DEVICE/App/usbd_desc.o
                0x000000000800e5bc                USBD_FS_LangIDStrDescriptor
 .text.USBD_FS_ProductStrDescriptor
                0x000000000800e5e0       0x3c ./USB_DEVICE/App/usbd_desc.o
                0x000000000800e5e0                USBD_FS_ProductStrDescriptor
 .text.USBD_FS_ManufacturerStrDescriptor
                0x000000000800e61c       0x28 ./USB_DEVICE/App/usbd_desc.o
                0x000000000800e61c                USBD_FS_ManufacturerStrDescriptor
 .text.USBD_FS_SerialStrDescriptor
                0x000000000800e644       0x24 ./USB_DEVICE/App/usbd_desc.o
                0x000000000800e644                USBD_FS_SerialStrDescriptor
 .text.USBD_FS_ConfigStrDescriptor
                0x000000000800e668       0x3c ./USB_DEVICE/App/usbd_desc.o
                0x000000000800e668                USBD_FS_ConfigStrDescriptor
 .text.USBD_FS_InterfaceStrDescriptor
                0x000000000800e6a4       0x3c ./USB_DEVICE/App/usbd_desc.o
                0x000000000800e6a4                USBD_FS_InterfaceStrDescriptor
 .text.Get_SerialNum
                0x000000000800e6e0       0x58 ./USB_DEVICE/App/usbd_desc.o
 .text.IntToUnicode
                0x000000000800e738       0x7e ./USB_DEVICE/App/usbd_desc.o
 *fill*         0x000000000800e7b6        0x2 
 .text.HAL_PCD_MspInit
                0x000000000800e7b8      0x118 ./USB_DEVICE/Target/usbd_conf.o
                0x000000000800e7b8                HAL_PCD_MspInit
 .text.HAL_PCD_SetupStageCallback
                0x000000000800e8d0       0x24 ./USB_DEVICE/Target/usbd_conf.o
                0x000000000800e8d0                HAL_PCD_SetupStageCallback
 .text.HAL_PCD_DataOutStageCallback
                0x000000000800e8f4       0x36 ./USB_DEVICE/Target/usbd_conf.o
                0x000000000800e8f4                HAL_PCD_DataOutStageCallback
 .text.HAL_PCD_DataInStageCallback
                0x000000000800e92a       0x34 ./USB_DEVICE/Target/usbd_conf.o
                0x000000000800e92a                HAL_PCD_DataInStageCallback
 .text.HAL_PCD_SOFCallback
                0x000000000800e95e       0x1c ./USB_DEVICE/Target/usbd_conf.o
                0x000000000800e95e                HAL_PCD_SOFCallback
 .text.HAL_PCD_ResetCallback
                0x000000000800e97a       0x50 ./USB_DEVICE/Target/usbd_conf.o
                0x000000000800e97a                HAL_PCD_ResetCallback
 *fill*         0x000000000800e9ca        0x2 
 .text.HAL_PCD_SuspendCallback
                0x000000000800e9cc       0x4c ./USB_DEVICE/Target/usbd_conf.o
                0x000000000800e9cc                HAL_PCD_SuspendCallback
 .text.HAL_PCD_ResumeCallback
                0x000000000800ea18       0x1c ./USB_DEVICE/Target/usbd_conf.o
                0x000000000800ea18                HAL_PCD_ResumeCallback
 .text.HAL_PCD_ISOOUTIncompleteCallback
                0x000000000800ea34       0x24 ./USB_DEVICE/Target/usbd_conf.o
                0x000000000800ea34                HAL_PCD_ISOOUTIncompleteCallback
 .text.HAL_PCD_ISOINIncompleteCallback
                0x000000000800ea58       0x24 ./USB_DEVICE/Target/usbd_conf.o
                0x000000000800ea58                HAL_PCD_ISOINIncompleteCallback
 .text.HAL_PCD_ConnectCallback
                0x000000000800ea7c       0x1c ./USB_DEVICE/Target/usbd_conf.o
                0x000000000800ea7c                HAL_PCD_ConnectCallback
 .text.HAL_PCD_DisconnectCallback
                0x000000000800ea98       0x1c ./USB_DEVICE/Target/usbd_conf.o
                0x000000000800ea98                HAL_PCD_DisconnectCallback
 .text.USBD_LL_Init
                0x000000000800eab4       0xa0 ./USB_DEVICE/Target/usbd_conf.o
                0x000000000800eab4                USBD_LL_Init
 .text.USBD_LL_Start
                0x000000000800eb54       0x36 ./USB_DEVICE/Target/usbd_conf.o
                0x000000000800eb54                USBD_LL_Start
 .text.USBD_LL_OpenEP
                0x000000000800eb8a       0x4c ./USB_DEVICE/Target/usbd_conf.o
                0x000000000800eb8a                USBD_LL_OpenEP
 .text.USBD_LL_CloseEP
                0x000000000800ebd6       0x3e ./USB_DEVICE/Target/usbd_conf.o
                0x000000000800ebd6                USBD_LL_CloseEP
 .text.USBD_LL_StallEP
                0x000000000800ec14       0x3e ./USB_DEVICE/Target/usbd_conf.o
                0x000000000800ec14                USBD_LL_StallEP
 .text.USBD_LL_ClearStallEP
                0x000000000800ec52       0x3e ./USB_DEVICE/Target/usbd_conf.o
                0x000000000800ec52                USBD_LL_ClearStallEP
 .text.USBD_LL_IsStallEP
                0x000000000800ec90       0x58 ./USB_DEVICE/Target/usbd_conf.o
                0x000000000800ec90                USBD_LL_IsStallEP
 .text.USBD_LL_SetUSBAddress
                0x000000000800ece8       0x3e ./USB_DEVICE/Target/usbd_conf.o
                0x000000000800ece8                USBD_LL_SetUSBAddress
 .text.USBD_LL_Transmit
                0x000000000800ed26       0x42 ./USB_DEVICE/Target/usbd_conf.o
                0x000000000800ed26                USBD_LL_Transmit
 .text.USBD_LL_PrepareReceive
                0x000000000800ed68       0x42 ./USB_DEVICE/Target/usbd_conf.o
                0x000000000800ed68                USBD_LL_PrepareReceive
 .text.USBD_LL_GetRxDataSize
                0x000000000800edaa       0x26 ./USB_DEVICE/Target/usbd_conf.o
                0x000000000800edaa                USBD_LL_GetRxDataSize
 .text.USBD_static_malloc
                0x000000000800edd0       0x1c ./USB_DEVICE/Target/usbd_conf.o
                0x000000000800edd0                USBD_static_malloc
 .text.USBD_static_free
                0x000000000800edec       0x14 ./USB_DEVICE/Target/usbd_conf.o
                0x000000000800edec                USBD_static_free
 .text.USBD_Get_USB_Status
                0x000000000800ee00       0x58 ./USB_DEVICE/Target/usbd_conf.o
                0x000000000800ee00                USBD_Get_USB_Status
 .text.atoi     0x000000000800ee58        0x8 C:/ST/STM32CubeIDE_1.12.0/STM32CubeIDE/plugins/com.st.stm32cube.ide.mcu.externaltools.gnu-tools-for-stm32.11.3.rel1.win32_1.1.0.202305231506/tools/bin/../lib/gcc/arm-none-eabi/11.3.1/../../../../arm-none-eabi/lib/thumb/v7e-m+dp/hard\libc_nano.a(libc_a-atoi.o)
                0x000000000800ee58                atoi
 .text._strtol_l.constprop.0
                0x000000000800ee60      0x104 C:/ST/STM32CubeIDE_1.12.0/STM32CubeIDE/plugins/com.st.stm32cube.ide.mcu.externaltools.gnu-tools-for-stm32.11.3.rel1.win32_1.1.0.202305231506/tools/bin/../lib/gcc/arm-none-eabi/11.3.1/../../../../arm-none-eabi/lib/thumb/v7e-m+dp/hard\libc_nano.a(libc_a-strtol.o)
 .text.strtol   0x000000000800ef64       0x14 C:/ST/STM32CubeIDE_1.12.0/STM32CubeIDE/plugins/com.st.stm32cube.ide.mcu.externaltools.gnu-tools-for-stm32.11.3.rel1.win32_1.1.0.202305231506/tools/bin/../lib/gcc/arm-none-eabi/11.3.1/../../../../arm-none-eabi/lib/thumb/v7e-m+dp/hard\libc_nano.a(libc_a-strtol.o)
                0x000000000800ef64                strtol
 .text.__cvt    0x000000000800ef78       0xa4 C:/ST/STM32CubeIDE_1.12.0/STM32CubeIDE/plugins/com.st.stm32cube.ide.mcu.externaltools.gnu-tools-for-stm32.11.3.rel1.win32_1.1.0.202305231506/tools/bin/../lib/gcc/arm-none-eabi/11.3.1/../../../../arm-none-eabi/lib/thumb/v7e-m+dp/hard\libc_nano.a(libc_a-nano-vfprintf_float.o)
                0x000000000800ef78                __cvt
 .text.__exponent
                0x000000000800f01c       0x7c C:/ST/STM32CubeIDE_1.12.0/STM32CubeIDE/plugins/com.st.stm32cube.ide.mcu.externaltools.gnu-tools-for-stm32.11.3.rel1.win32_1.1.0.202305231506/tools/bin/../lib/gcc/arm-none-eabi/11.3.1/../../../../arm-none-eabi/lib/thumb/v7e-m+dp/hard\libc_nano.a(libc_a-nano-vfprintf_float.o)
                0x000000000800f01c                __exponent
 .text._printf_float
                0x000000000800f098      0x434 C:/ST/STM32CubeIDE_1.12.0/STM32CubeIDE/plugins/com.st.stm32cube.ide.mcu.externaltools.gnu-tools-for-stm32.11.3.rel1.win32_1.1.0.202305231506/tools/bin/../lib/gcc/arm-none-eabi/11.3.1/../../../../arm-none-eabi/lib/thumb/v7e-m+dp/hard\libc_nano.a(libc_a-nano-vfprintf_float.o)
                0x000000000800f098                _printf_float
 .text._printf_common
                0x000000000800f4cc       0xda C:/ST/STM32CubeIDE_1.12.0/STM32CubeIDE/plugins/com.st.stm32cube.ide.mcu.externaltools.gnu-tools-for-stm32.11.3.rel1.win32_1.1.0.202305231506/tools/bin/../lib/gcc/arm-none-eabi/11.3.1/../../../../arm-none-eabi/lib/thumb/v7e-m+dp/hard\libc_nano.a(libc_a-nano-vfprintf_i.o)
                0x000000000800f4cc                _printf_common
 *fill*         0x000000000800f5a6        0x2 
 .text._printf_i
                0x000000000800f5a8      0x244 C:/ST/STM32CubeIDE_1.12.0/STM32CubeIDE/plugins/com.st.stm32cube.ide.mcu.externaltools.gnu-tools-for-stm32.11.3.rel1.win32_1.1.0.202305231506/tools/bin/../lib/gcc/arm-none-eabi/11.3.1/../../../../arm-none-eabi/lib/thumb/v7e-m+dp/hard\libc_nano.a(libc_a-nano-vfprintf_i.o)
                0x000000000800f5a8                _printf_i
 .text.std      0x000000000800f7ec       0x48 C:/ST/STM32CubeIDE_1.12.0/STM32CubeIDE/plugins/com.st.stm32cube.ide.mcu.externaltools.gnu-tools-for-stm32.11.3.rel1.win32_1.1.0.202305231506/tools/bin/../lib/gcc/arm-none-eabi/11.3.1/../../../../arm-none-eabi/lib/thumb/v7e-m+dp/hard\libc_nano.a(libc_a-findfp.o)
 .text.stdio_exit_handler
                0x000000000800f834       0x18 C:/ST/STM32CubeIDE_1.12.0/STM32CubeIDE/plugins/com.st.stm32cube.ide.mcu.externaltools.gnu-tools-for-stm32.11.3.rel1.win32_1.1.0.202305231506/tools/bin/../lib/gcc/arm-none-eabi/11.3.1/../../../../arm-none-eabi/lib/thumb/v7e-m+dp/hard\libc_nano.a(libc_a-findfp.o)
 .text.cleanup_stdio
                0x000000000800f84c       0x40 C:/ST/STM32CubeIDE_1.12.0/STM32CubeIDE/plugins/com.st.stm32cube.ide.mcu.externaltools.gnu-tools-for-stm32.11.3.rel1.win32_1.1.0.202305231506/tools/bin/../lib/gcc/arm-none-eabi/11.3.1/../../../../arm-none-eabi/lib/thumb/v7e-m+dp/hard\libc_nano.a(libc_a-findfp.o)
 .text.global_stdio_init.part.0
                0x000000000800f88c       0x3c C:/ST/STM32CubeIDE_1.12.0/STM32CubeIDE/plugins/com.st.stm32cube.ide.mcu.externaltools.gnu-tools-for-stm32.11.3.rel1.win32_1.1.0.202305231506/tools/bin/../lib/gcc/arm-none-eabi/11.3.1/../../../../arm-none-eabi/lib/thumb/v7e-m+dp/hard\libc_nano.a(libc_a-findfp.o)
 .text.__sfp_lock_acquire
                0x000000000800f8c8        0xc C:/ST/STM32CubeIDE_1.12.0/STM32CubeIDE/plugins/com.st.stm32cube.ide.mcu.externaltools.gnu-tools-for-stm32.11.3.rel1.win32_1.1.0.202305231506/tools/bin/../lib/gcc/arm-none-eabi/11.3.1/../../../../arm-none-eabi/lib/thumb/v7e-m+dp/hard\libc_nano.a(libc_a-findfp.o)
                0x000000000800f8c8                __sfp_lock_acquire
 .text.__sfp_lock_release
                0x000000000800f8d4        0xc C:/ST/STM32CubeIDE_1.12.0/STM32CubeIDE/plugins/com.st.stm32cube.ide.mcu.externaltools.gnu-tools-for-stm32.11.3.rel1.win32_1.1.0.202305231506/tools/bin/../lib/gcc/arm-none-eabi/11.3.1/../../../../arm-none-eabi/lib/thumb/v7e-m+dp/hard\libc_nano.a(libc_a-findfp.o)
                0x000000000800f8d4                __sfp_lock_release
 .text.__sinit  0x000000000800f8e0       0x30 C:/ST/STM32CubeIDE_1.12.0/STM32CubeIDE/plugins/com.st.stm32cube.ide.mcu.externaltools.gnu-tools-for-stm32.11.3.rel1.win32_1.1.0.202305231506/tools/bin/../lib/gcc/arm-none-eabi/11.3.1/../../../../arm-none-eabi/lib/thumb/v7e-m+dp/hard\libc_nano.a(libc_a-findfp.o)
                0x000000000800f8e0                __sinit
 .text._fwalk_sglue
                0x000000000800f910       0x3c C:/ST/STM32CubeIDE_1.12.0/STM32CubeIDE/plugins/com.st.stm32cube.ide.mcu.externaltools.gnu-tools-for-stm32.11.3.rel1.win32_1.1.0.202305231506/tools/bin/../lib/gcc/arm-none-eabi/11.3.1/../../../../arm-none-eabi/lib/thumb/v7e-m+dp/hard\libc_nano.a(libc_a-fwalk.o)
                0x000000000800f910                _fwalk_sglue
 .text.sprintf  0x000000000800f94c       0x40 C:/ST/STM32CubeIDE_1.12.0/STM32CubeIDE/plugins/com.st.stm32cube.ide.mcu.externaltools.gnu-tools-for-stm32.11.3.rel1.win32_1.1.0.202305231506/tools/bin/../lib/gcc/arm-none-eabi/11.3.1/../../../../arm-none-eabi/lib/thumb/v7e-m+dp/hard\libc_nano.a(libc_a-sprintf.o)
                0x000000000800f94c                siprintf
                0x000000000800f94c                sprintf
 .text.__sread  0x000000000800f98c       0x22 C:/ST/STM32CubeIDE_1.12.0/STM32CubeIDE/plugins/com.st.stm32cube.ide.mcu.externaltools.gnu-tools-for-stm32.11.3.rel1.win32_1.1.0.202305231506/tools/bin/../lib/gcc/arm-none-eabi/11.3.1/../../../../arm-none-eabi/lib/thumb/v7e-m+dp/hard\libc_nano.a(libc_a-stdio.o)
                0x000000000800f98c                __sread
 .text.__swrite
                0x000000000800f9ae       0x38 C:/ST/STM32CubeIDE_1.12.0/STM32CubeIDE/plugins/com.st.stm32cube.ide.mcu.externaltools.gnu-tools-for-stm32.11.3.rel1.win32_1.1.0.202305231506/tools/bin/../lib/gcc/arm-none-eabi/11.3.1/../../../../arm-none-eabi/lib/thumb/v7e-m+dp/hard\libc_nano.a(libc_a-stdio.o)
                0x000000000800f9ae                __swrite
 .text.__sseek  0x000000000800f9e6       0x24 C:/ST/STM32CubeIDE_1.12.0/STM32CubeIDE/plugins/com.st.stm32cube.ide.mcu.externaltools.gnu-tools-for-stm32.11.3.rel1.win32_1.1.0.202305231506/tools/bin/../lib/gcc/arm-none-eabi/11.3.1/../../../../arm-none-eabi/lib/thumb/v7e-m+dp/hard\libc_nano.a(libc_a-stdio.o)
                0x000000000800f9e6                __sseek
 .text.__sclose
                0x000000000800fa0a        0x8 C:/ST/STM32CubeIDE_1.12.0/STM32CubeIDE/plugins/com.st.stm32cube.ide.mcu.externaltools.gnu-tools-for-stm32.11.3.rel1.win32_1.1.0.202305231506/tools/bin/../lib/gcc/arm-none-eabi/11.3.1/../../../../arm-none-eabi/lib/thumb/v7e-m+dp/hard\libc_nano.a(libc_a-stdio.o)
                0x000000000800fa0a                __sclose
 .text.memset   0x000000000800fa12       0x10 C:/ST/STM32CubeIDE_1.12.0/STM32CubeIDE/plugins/com.st.stm32cube.ide.mcu.externaltools.gnu-tools-for-stm32.11.3.rel1.win32_1.1.0.202305231506/tools/bin/../lib/gcc/arm-none-eabi/11.3.1/../../../../arm-none-eabi/lib/thumb/v7e-m+dp/hard\libc_nano.a(libc_a-memset.o)
                0x000000000800fa12                memset
 .text.strcat   0x000000000800fa22       0x1e C:/ST/STM32CubeIDE_1.12.0/STM32CubeIDE/plugins/com.st.stm32cube.ide.mcu.externaltools.gnu-tools-for-stm32.11.3.rel1.win32_1.1.0.202305231506/tools/bin/../lib/gcc/arm-none-eabi/11.3.1/../../../../arm-none-eabi/lib/thumb/v7e-m+dp/hard\libc_nano.a(libc_a-strcat.o)
                0x000000000800fa22                strcat
 .text.strncpy  0x000000000800fa40       0x26 C:/ST/STM32CubeIDE_1.12.0/STM32CubeIDE/plugins/com.st.stm32cube.ide.mcu.externaltools.gnu-tools-for-stm32.11.3.rel1.win32_1.1.0.202305231506/tools/bin/../lib/gcc/arm-none-eabi/11.3.1/../../../../arm-none-eabi/lib/thumb/v7e-m+dp/hard\libc_nano.a(libc_a-strncpy.o)
                0x000000000800fa40                strncpy
 *fill*         0x000000000800fa66        0x2 
 .text._localeconv_r
                0x000000000800fa68        0x8 C:/ST/STM32CubeIDE_1.12.0/STM32CubeIDE/plugins/com.st.stm32cube.ide.mcu.externaltools.gnu-tools-for-stm32.11.3.rel1.win32_1.1.0.202305231506/tools/bin/../lib/gcc/arm-none-eabi/11.3.1/../../../../arm-none-eabi/lib/thumb/v7e-m+dp/hard\libc_nano.a(libc_a-localeconv.o)
                0x000000000800fa68                _localeconv_r
 .text._close_r
                0x000000000800fa70       0x20 C:/ST/STM32CubeIDE_1.12.0/STM32CubeIDE/plugins/com.st.stm32cube.ide.mcu.externaltools.gnu-tools-for-stm32.11.3.rel1.win32_1.1.0.202305231506/tools/bin/../lib/gcc/arm-none-eabi/11.3.1/../../../../arm-none-eabi/lib/thumb/v7e-m+dp/hard\libc_nano.a(libc_a-closer.o)
                0x000000000800fa70                _close_r
 .text._lseek_r
                0x000000000800fa90       0x24 C:/ST/STM32CubeIDE_1.12.0/STM32CubeIDE/plugins/com.st.stm32cube.ide.mcu.externaltools.gnu-tools-for-stm32.11.3.rel1.win32_1.1.0.202305231506/tools/bin/../lib/gcc/arm-none-eabi/11.3.1/../../../../arm-none-eabi/lib/thumb/v7e-m+dp/hard\libc_nano.a(libc_a-lseekr.o)
                0x000000000800fa90                _lseek_r
 .text._read_r  0x000000000800fab4       0x24 C:/ST/STM32CubeIDE_1.12.0/STM32CubeIDE/plugins/com.st.stm32cube.ide.mcu.externaltools.gnu-tools-for-stm32.11.3.rel1.win32_1.1.0.202305231506/tools/bin/../lib/gcc/arm-none-eabi/11.3.1/../../../../arm-none-eabi/lib/thumb/v7e-m+dp/hard\libc_nano.a(libc_a-readr.o)
                0x000000000800fab4                _read_r
 .text._write_r
                0x000000000800fad8       0x24 C:/ST/STM32CubeIDE_1.12.0/STM32CubeIDE/plugins/com.st.stm32cube.ide.mcu.externaltools.gnu-tools-for-stm32.11.3.rel1.win32_1.1.0.202305231506/tools/bin/../lib/gcc/arm-none-eabi/11.3.1/../../../../arm-none-eabi/lib/thumb/v7e-m+dp/hard\libc_nano.a(libc_a-writer.o)
                0x000000000800fad8                _write_r
 .text.__errno  0x000000000800fafc        0xc C:/ST/STM32CubeIDE_1.12.0/STM32CubeIDE/plugins/com.st.stm32cube.ide.mcu.externaltools.gnu-tools-for-stm32.11.3.rel1.win32_1.1.0.202305231506/tools/bin/../lib/gcc/arm-none-eabi/11.3.1/../../../../arm-none-eabi/lib/thumb/v7e-m+dp/hard\libc_nano.a(libc_a-errno.o)
                0x000000000800fafc                __errno
 .text.__libc_init_array
                0x000000000800fb08       0x48 C:/ST/STM32CubeIDE_1.12.0/STM32CubeIDE/plugins/com.st.stm32cube.ide.mcu.externaltools.gnu-tools-for-stm32.11.3.rel1.win32_1.1.0.202305231506/tools/bin/../lib/gcc/arm-none-eabi/11.3.1/../../../../arm-none-eabi/lib/thumb/v7e-m+dp/hard\libc_nano.a(libc_a-init.o)
                0x000000000800fb08                __libc_init_array
 .text.__retarget_lock_acquire_recursive
                0x000000000800fb50        0x2 C:/ST/STM32CubeIDE_1.12.0/STM32CubeIDE/plugins/com.st.stm32cube.ide.mcu.externaltools.gnu-tools-for-stm32.11.3.rel1.win32_1.1.0.202305231506/tools/bin/../lib/gcc/arm-none-eabi/11.3.1/../../../../arm-none-eabi/lib/thumb/v7e-m+dp/hard\libc_nano.a(libc_a-lock.o)
                0x000000000800fb50                __retarget_lock_acquire_recursive
 .text.__retarget_lock_release_recursive
                0x000000000800fb52        0x2 C:/ST/STM32CubeIDE_1.12.0/STM32CubeIDE/plugins/com.st.stm32cube.ide.mcu.externaltools.gnu-tools-for-stm32.11.3.rel1.win32_1.1.0.202305231506/tools/bin/../lib/gcc/arm-none-eabi/11.3.1/../../../../arm-none-eabi/lib/thumb/v7e-m+dp/hard\libc_nano.a(libc_a-lock.o)
                0x000000000800fb52                __retarget_lock_release_recursive
 .text.memcpy   0x000000000800fb54       0x1c C:/ST/STM32CubeIDE_1.12.0/STM32CubeIDE/plugins/com.st.stm32cube.ide.mcu.externaltools.gnu-tools-for-stm32.11.3.rel1.win32_1.1.0.202305231506/tools/bin/../lib/gcc/arm-none-eabi/11.3.1/../../../../arm-none-eabi/lib/thumb/v7e-m+dp/hard\libc_nano.a(libc_a-memcpy-stub.o)
                0x000000000800fb54                memcpy
 .text.quorem   0x000000000800fb70      0x110 C:/ST/STM32CubeIDE_1.12.0/STM32CubeIDE/plugins/com.st.stm32cube.ide.mcu.externaltools.gnu-tools-for-stm32.11.3.rel1.win32_1.1.0.202305231506/tools/bin/../lib/gcc/arm-none-eabi/11.3.1/../../../../arm-none-eabi/lib/thumb/v7e-m+dp/hard\libc_nano.a(libc_a-dtoa.o)
 .text._dtoa_r  0x000000000800fc80      0xad8 C:/ST/STM32CubeIDE_1.12.0/STM32CubeIDE/plugins/com.st.stm32cube.ide.mcu.externaltools.gnu-tools-for-stm32.11.3.rel1.win32_1.1.0.202305231506/tools/bin/../lib/gcc/arm-none-eabi/11.3.1/../../../../arm-none-eabi/lib/thumb/v7e-m+dp/hard\libc_nano.a(libc_a-dtoa.o)
                0x000000000800fc80                _dtoa_r
 .text._free_r  0x0000000008010758       0x98 C:/ST/STM32CubeIDE_1.12.0/STM32CubeIDE/plugins/com.st.stm32cube.ide.mcu.externaltools.gnu-tools-for-stm32.11.3.rel1.win32_1.1.0.202305231506/tools/bin/../lib/gcc/arm-none-eabi/11.3.1/../../../../arm-none-eabi/lib/thumb/v7e-m+dp/hard\libc_nano.a(libc_a-freer.o)
                0x0000000008010758                _free_r
 .text.malloc   0x00000000080107f0       0x10 C:/ST/STM32CubeIDE_1.12.0/STM32CubeIDE/plugins/com.st.stm32cube.ide.mcu.externaltools.gnu-tools-for-stm32.11.3.rel1.win32_1.1.0.202305231506/tools/bin/../lib/gcc/arm-none-eabi/11.3.1/../../../../arm-none-eabi/lib/thumb/v7e-m+dp/hard\libc_nano.a(libc_a-malloc.o)
                0x00000000080107f0                malloc
 .text.sbrk_aligned
                0x0000000008010800       0x40 C:/ST/STM32CubeIDE_1.12.0/STM32CubeIDE/plugins/com.st.stm32cube.ide.mcu.externaltools.gnu-tools-for-stm32.11.3.rel1.win32_1.1.0.202305231506/tools/bin/../lib/gcc/arm-none-eabi/11.3.1/../../../../arm-none-eabi/lib/thumb/v7e-m+dp/hard\libc_nano.a(libc_a-mallocr.o)
 .text._malloc_r
                0x0000000008010840      0x100 C:/ST/STM32CubeIDE_1.12.0/STM32CubeIDE/plugins/com.st.stm32cube.ide.mcu.externaltools.gnu-tools-for-stm32.11.3.rel1.win32_1.1.0.202305231506/tools/bin/../lib/gcc/arm-none-eabi/11.3.1/../../../../arm-none-eabi/lib/thumb/v7e-m+dp/hard\libc_nano.a(libc_a-mallocr.o)
                0x0000000008010840                _malloc_r
 .text.__malloc_lock
                0x0000000008010940        0xc C:/ST/STM32CubeIDE_1.12.0/STM32CubeIDE/plugins/com.st.stm32cube.ide.mcu.externaltools.gnu-tools-for-stm32.11.3.rel1.win32_1.1.0.202305231506/tools/bin/../lib/gcc/arm-none-eabi/11.3.1/../../../../arm-none-eabi/lib/thumb/v7e-m+dp/hard\libc_nano.a(libc_a-mlock.o)
                0x0000000008010940                __malloc_lock
 .text.__malloc_unlock
                0x000000000801094c        0xc C:/ST/STM32CubeIDE_1.12.0/STM32CubeIDE/plugins/com.st.stm32cube.ide.mcu.externaltools.gnu-tools-for-stm32.11.3.rel1.win32_1.1.0.202305231506/tools/bin/../lib/gcc/arm-none-eabi/11.3.1/../../../../arm-none-eabi/lib/thumb/v7e-m+dp/hard\libc_nano.a(libc_a-mlock.o)
                0x000000000801094c                __malloc_unlock
 .text._Balloc  0x0000000008010958       0x80 C:/ST/STM32CubeIDE_1.12.0/STM32CubeIDE/plugins/com.st.stm32cube.ide.mcu.externaltools.gnu-tools-for-stm32.11.3.rel1.win32_1.1.0.202305231506/tools/bin/../lib/gcc/arm-none-eabi/11.3.1/../../../../arm-none-eabi/lib/thumb/v7e-m+dp/hard\libc_nano.a(libc_a-mprec.o)
                0x0000000008010958                _Balloc
 .text._Bfree   0x00000000080109d8       0x44 C:/ST/STM32CubeIDE_1.12.0/STM32CubeIDE/plugins/com.st.stm32cube.ide.mcu.externaltools.gnu-tools-for-stm32.11.3.rel1.win32_1.1.0.202305231506/tools/bin/../lib/gcc/arm-none-eabi/11.3.1/../../../../arm-none-eabi/lib/thumb/v7e-m+dp/hard\libc_nano.a(libc_a-mprec.o)
                0x00000000080109d8                _Bfree
 .text.__multadd
                0x0000000008010a1c       0x8c C:/ST/STM32CubeIDE_1.12.0/STM32CubeIDE/plugins/com.st.stm32cube.ide.mcu.externaltools.gnu-tools-for-stm32.11.3.rel1.win32_1.1.0.202305231506/tools/bin/../lib/gcc/arm-none-eabi/11.3.1/../../../../arm-none-eabi/lib/thumb/v7e-m+dp/hard\libc_nano.a(libc_a-mprec.o)
                0x0000000008010a1c                __multadd
 .text.__hi0bits
                0x0000000008010aa8       0x40 C:/ST/STM32CubeIDE_1.12.0/STM32CubeIDE/plugins/com.st.stm32cube.ide.mcu.externaltools.gnu-tools-for-stm32.11.3.rel1.win32_1.1.0.202305231506/tools/bin/../lib/gcc/arm-none-eabi/11.3.1/../../../../arm-none-eabi/lib/thumb/v7e-m+dp/hard\libc_nano.a(libc_a-mprec.o)
                0x0000000008010aa8                __hi0bits
 .text.__lo0bits
                0x0000000008010ae8       0x5a C:/ST/STM32CubeIDE_1.12.0/STM32CubeIDE/plugins/com.st.stm32cube.ide.mcu.externaltools.gnu-tools-for-stm32.11.3.rel1.win32_1.1.0.202305231506/tools/bin/../lib/gcc/arm-none-eabi/11.3.1/../../../../arm-none-eabi/lib/thumb/v7e-m+dp/hard\libc_nano.a(libc_a-mprec.o)
                0x0000000008010ae8                __lo0bits
 *fill*         0x0000000008010b42        0x2 
 .text.__i2b    0x0000000008010b44       0x2c C:/ST/STM32CubeIDE_1.12.0/STM32CubeIDE/plugins/com.st.stm32cube.ide.mcu.externaltools.gnu-tools-for-stm32.11.3.rel1.win32_1.1.0.202305231506/tools/bin/../lib/gcc/arm-none-eabi/11.3.1/../../../../arm-none-eabi/lib/thumb/v7e-m+dp/hard\libc_nano.a(libc_a-mprec.o)
                0x0000000008010b44                __i2b
 .text.__multiply
                0x0000000008010b70      0x154 C:/ST/STM32CubeIDE_1.12.0/STM32CubeIDE/plugins/com.st.stm32cube.ide.mcu.externaltools.gnu-tools-for-stm32.11.3.rel1.win32_1.1.0.202305231506/tools/bin/../lib/gcc/arm-none-eabi/11.3.1/../../../../arm-none-eabi/lib/thumb/v7e-m+dp/hard\libc_nano.a(libc_a-mprec.o)
                0x0000000008010b70                __multiply
 .text.__pow5mult
                0x0000000008010cc4       0xb4 C:/ST/STM32CubeIDE_1.12.0/STM32CubeIDE/plugins/com.st.stm32cube.ide.mcu.externaltools.gnu-tools-for-stm32.11.3.rel1.win32_1.1.0.202305231506/tools/bin/../lib/gcc/arm-none-eabi/11.3.1/../../../../arm-none-eabi/lib/thumb/v7e-m+dp/hard\libc_nano.a(libc_a-mprec.o)
                0x0000000008010cc4                __pow5mult
 .text.__lshift
                0x0000000008010d78       0xd8 C:/ST/STM32CubeIDE_1.12.0/STM32CubeIDE/plugins/com.st.stm32cube.ide.mcu.externaltools.gnu-tools-for-stm32.11.3.rel1.win32_1.1.0.202305231506/tools/bin/../lib/gcc/arm-none-eabi/11.3.1/../../../../arm-none-eabi/lib/thumb/v7e-m+dp/hard\libc_nano.a(libc_a-mprec.o)
                0x0000000008010d78                __lshift
 .text.__mcmp   0x0000000008010e50       0x38 C:/ST/STM32CubeIDE_1.12.0/STM32CubeIDE/plugins/com.st.stm32cube.ide.mcu.externaltools.gnu-tools-for-stm32.11.3.rel1.win32_1.1.0.202305231506/tools/bin/../lib/gcc/arm-none-eabi/11.3.1/../../../../arm-none-eabi/lib/thumb/v7e-m+dp/hard\libc_nano.a(libc_a-mprec.o)
                0x0000000008010e50                __mcmp
 .text.__mdiff  0x0000000008010e88      0x114 C:/ST/STM32CubeIDE_1.12.0/STM32CubeIDE/plugins/com.st.stm32cube.ide.mcu.externaltools.gnu-tools-for-stm32.11.3.rel1.win32_1.1.0.202305231506/tools/bin/../lib/gcc/arm-none-eabi/11.3.1/../../../../arm-none-eabi/lib/thumb/v7e-m+dp/hard\libc_nano.a(libc_a-mprec.o)
                0x0000000008010e88                __mdiff
 .text.__d2b    0x0000000008010f9c       0xb4 C:/ST/STM32CubeIDE_1.12.0/STM32CubeIDE/plugins/com.st.stm32cube.ide.mcu.externaltools.gnu-tools-for-stm32.11.3.rel1.win32_1.1.0.202305231506/tools/bin/../lib/gcc/arm-none-eabi/11.3.1/../../../../arm-none-eabi/lib/thumb/v7e-m+dp/hard\libc_nano.a(libc_a-mprec.o)
                0x0000000008010f9c                __d2b
 .text.__ssputs_r
                0x0000000008011050       0xb4 C:/ST/STM32CubeIDE_1.12.0/STM32CubeIDE/plugins/com.st.stm32cube.ide.mcu.externaltools.gnu-tools-for-stm32.11.3.rel1.win32_1.1.0.202305231506/tools/bin/../lib/gcc/arm-none-eabi/11.3.1/../../../../arm-none-eabi/lib/thumb/v7e-m+dp/hard\libc_nano.a(libc_a-nano-svfprintf.o)
                0x0000000008011050                __ssputs_r
 .text._svfprintf_r
                0x0000000008011104      0x1fc C:/ST/STM32CubeIDE_1.12.0/STM32CubeIDE/plugins/com.st.stm32cube.ide.mcu.externaltools.gnu-tools-for-stm32.11.3.rel1.win32_1.1.0.202305231506/tools/bin/../lib/gcc/arm-none-eabi/11.3.1/../../../../arm-none-eabi/lib/thumb/v7e-m+dp/hard\libc_nano.a(libc_a-nano-svfprintf.o)
                0x0000000008011104                _svfiprintf_r
                0x0000000008011104                _svfprintf_r
 .text.__sflush_r
                0x0000000008011300      0x10c C:/ST/STM32CubeIDE_1.12.0/STM32CubeIDE/plugins/com.st.stm32cube.ide.mcu.externaltools.gnu-tools-for-stm32.11.3.rel1.win32_1.1.0.202305231506/tools/bin/../lib/gcc/arm-none-eabi/11.3.1/../../../../arm-none-eabi/lib/thumb/v7e-m+dp/hard\libc_nano.a(libc_a-fflush.o)
                0x0000000008011300                __sflush_r
 .text._fflush_r